Archive member included to satisfy reference by file (symbol)

/usr/local/gcc-arm-none-eabi-7-2018-q2-update/bin/../lib/gcc/arm-none-eabi/7.3.1/../../../../arm-none-eabi/lib/thumb/v7-m/libc_nano.a(lib_a-exit.o)
                              /usr/local/gcc-arm-none-eabi-7-2018-q2-update/bin/../lib/gcc/arm-none-eabi/7.3.1/../../../../arm-none-eabi/lib/thumb/v7-m/crt0.o (exit)
/usr/local/gcc-arm-none-eabi-7-2018-q2-update/bin/../lib/gcc/arm-none-eabi/7.3.1/../../../../arm-none-eabi/lib/thumb/v7-m/libc_nano.a(lib_a-impure.o)
                              /usr/local/gcc-arm-none-eabi-7-2018-q2-update/bin/../lib/gcc/arm-none-eabi/7.3.1/../../../../arm-none-eabi/lib/thumb/v7-m/libc_nano.a(lib_a-exit.o) (_global_impure_ptr)
/usr/local/gcc-arm-none-eabi-7-2018-q2-update/bin/../lib/gcc/arm-none-eabi/7.3.1/../../../../arm-none-eabi/lib/thumb/v7-m/libc_nano.a(lib_a-init.o)
                              /usr/local/gcc-arm-none-eabi-7-2018-q2-update/bin/../lib/gcc/arm-none-eabi/7.3.1/../../../../arm-none-eabi/lib/thumb/v7-m/crt0.o (__libc_init_array)
/usr/local/gcc-arm-none-eabi-7-2018-q2-update/bin/../lib/gcc/arm-none-eabi/7.3.1/../../../../arm-none-eabi/lib/thumb/v7-m/libc_nano.a(lib_a-memset.o)
                              /usr/local/gcc-arm-none-eabi-7-2018-q2-update/bin/../lib/gcc/arm-none-eabi/7.3.1/../../../../arm-none-eabi/lib/thumb/v7-m/crt0.o (memset)
/usr/local/gcc-arm-none-eabi-7-2018-q2-update/bin/../lib/gcc/arm-none-eabi/7.3.1/../../../../arm-none-eabi/lib/thumb/v7-m/libnosys.a(_exit.o)
                              /usr/local/gcc-arm-none-eabi-7-2018-q2-update/bin/../lib/gcc/arm-none-eabi/7.3.1/../../../../arm-none-eabi/lib/thumb/v7-m/libc_nano.a(lib_a-exit.o) (_exit)

Allocating common symbols
Common symbol       size              file

uwTick              0x4               build/stm32f1xx_hal.o
pFlash              0x20              build/stm32f1xx_hal_flash.o
watch_main          0x4               build/main.o

Discarded input sections

 .text          0x0000000000000000        0x0 /usr/local/gcc-arm-none-eabi-7-2018-q2-update/bin/../lib/gcc/arm-none-eabi/7.3.1/thumb/v7-m/crti.o
 .data          0x0000000000000000        0x0 /usr/local/gcc-arm-none-eabi-7-2018-q2-update/bin/../lib/gcc/arm-none-eabi/7.3.1/thumb/v7-m/crti.o
 .bss           0x0000000000000000        0x0 /usr/local/gcc-arm-none-eabi-7-2018-q2-update/bin/../lib/gcc/arm-none-eabi/7.3.1/thumb/v7-m/crti.o
 .data          0x0000000000000000        0x4 /usr/local/gcc-arm-none-eabi-7-2018-q2-update/bin/../lib/gcc/arm-none-eabi/7.3.1/thumb/v7-m/crtbegin.o
 .text          0x0000000000000000       0x74 /usr/local/gcc-arm-none-eabi-7-2018-q2-update/bin/../lib/gcc/arm-none-eabi/7.3.1/../../../../arm-none-eabi/lib/thumb/v7-m/crt0.o
 .data          0x0000000000000000        0x0 /usr/local/gcc-arm-none-eabi-7-2018-q2-update/bin/../lib/gcc/arm-none-eabi/7.3.1/../../../../arm-none-eabi/lib/thumb/v7-m/crt0.o
 .bss           0x0000000000000000        0x0 /usr/local/gcc-arm-none-eabi-7-2018-q2-update/bin/../lib/gcc/arm-none-eabi/7.3.1/../../../../arm-none-eabi/lib/thumb/v7-m/crt0.o
 .ARM.extab     0x0000000000000000        0x0 /usr/local/gcc-arm-none-eabi-7-2018-q2-update/bin/../lib/gcc/arm-none-eabi/7.3.1/../../../../arm-none-eabi/lib/thumb/v7-m/crt0.o
 .ARM.exidx     0x0000000000000000        0x8 /usr/local/gcc-arm-none-eabi-7-2018-q2-update/bin/../lib/gcc/arm-none-eabi/7.3.1/../../../../arm-none-eabi/lib/thumb/v7-m/crt0.o
 .ARM.attributes
                0x0000000000000000       0x1b /usr/local/gcc-arm-none-eabi-7-2018-q2-update/bin/../lib/gcc/arm-none-eabi/7.3.1/../../../../arm-none-eabi/lib/thumb/v7-m/crt0.o
 .text          0x0000000000000000        0x0 build/main.o
 .data          0x0000000000000000        0x0 build/main.o
 .bss           0x0000000000000000        0x0 build/main.o
 .text          0x0000000000000000        0x0 build/stm32f1xx_it.o
 .data          0x0000000000000000        0x0 build/stm32f1xx_it.o
 .bss           0x0000000000000000        0x0 build/stm32f1xx_it.o
 .text          0x0000000000000000        0x0 build/stm32f1xx_hal_msp.o
 .data          0x0000000000000000        0x0 build/stm32f1xx_hal_msp.o
 .bss           0x0000000000000000        0x0 build/stm32f1xx_hal_msp.o
 .text          0x0000000000000000        0x0 build/stm32f1xx_hal_gpio_ex.o
 .data          0x0000000000000000        0x0 build/stm32f1xx_hal_gpio_ex.o
 .bss           0x0000000000000000        0x0 build/stm32f1xx_hal_gpio_ex.o
 .text.HAL_GPIOEx_ConfigEventout
                0x0000000000000000       0x14 build/stm32f1xx_hal_gpio_ex.o
 .text.HAL_GPIOEx_EnableEventout
                0x0000000000000000       0x10 build/stm32f1xx_hal_gpio_ex.o
 .text.HAL_GPIOEx_DisableEventout
                0x0000000000000000       0x10 build/stm32f1xx_hal_gpio_ex.o
 .debug_info    0x0000000000000000      0xafb build/stm32f1xx_hal_gpio_ex.o
 .debug_abbrev  0x0000000000000000      0x1c8 build/stm32f1xx_hal_gpio_ex.o
 .debug_loc     0x0000000000000000       0x21 build/stm32f1xx_hal_gpio_ex.o
 .debug_aranges
                0x0000000000000000       0x30 build/stm32f1xx_hal_gpio_ex.o
 .debug_ranges  0x0000000000000000       0x20 build/stm32f1xx_hal_gpio_ex.o
 .debug_line    0x0000000000000000      0x238 build/stm32f1xx_hal_gpio_ex.o
 .debug_str     0x0000000000000000      0x67f build/stm32f1xx_hal_gpio_ex.o
 .comment       0x0000000000000000       0x80 build/stm32f1xx_hal_gpio_ex.o
 .debug_frame   0x0000000000000000       0x40 build/stm32f1xx_hal_gpio_ex.o
 .ARM.attributes
                0x0000000000000000       0x33 build/stm32f1xx_hal_gpio_ex.o
 .text          0x0000000000000000        0x0 build/stm32f1xx_hal_tim.o
 .data          0x0000000000000000        0x0 build/stm32f1xx_hal_tim.o
 .bss           0x0000000000000000        0x0 build/stm32f1xx_hal_tim.o
 .debug_info    0x0000000000000000      0xa18 build/stm32f1xx_hal_tim.o
 .debug_abbrev  0x0000000000000000      0x174 build/stm32f1xx_hal_tim.o
 .debug_aranges
                0x0000000000000000       0x18 build/stm32f1xx_hal_tim.o
 .debug_line    0x0000000000000000      0x1b5 build/stm32f1xx_hal_tim.o
 .debug_str     0x0000000000000000      0x5df build/stm32f1xx_hal_tim.o
 .comment       0x0000000000000000       0x80 build/stm32f1xx_hal_tim.o
 .ARM.attributes
                0x0000000000000000       0x33 build/stm32f1xx_hal_tim.o
 .text          0x0000000000000000        0x0 build/stm32f1xx_hal_tim_ex.o
 .data          0x0000000000000000        0x0 build/stm32f1xx_hal_tim_ex.o
 .bss           0x0000000000000000        0x0 build/stm32f1xx_hal_tim_ex.o
 .debug_info    0x0000000000000000      0xa18 build/stm32f1xx_hal_tim_ex.o
 .debug_abbrev  0x0000000000000000      0x174 build/stm32f1xx_hal_tim_ex.o
 .debug_aranges
                0x0000000000000000       0x18 build/stm32f1xx_hal_tim_ex.o
 .debug_line    0x0000000000000000      0x1b5 build/stm32f1xx_hal_tim_ex.o
 .debug_str     0x0000000000000000      0x5e2 build/stm32f1xx_hal_tim_ex.o
 .comment       0x0000000000000000       0x80 build/stm32f1xx_hal_tim_ex.o
 .ARM.attributes
                0x0000000000000000       0x33 build/stm32f1xx_hal_tim_ex.o
 .text          0x0000000000000000        0x0 build/stm32f1xx_hal.o
 .data          0x0000000000000000        0x0 build/stm32f1xx_hal.o
 .bss           0x0000000000000000        0x0 build/stm32f1xx_hal.o
 .text.HAL_MspInit
                0x0000000000000000        0x2 build/stm32f1xx_hal.o
 .text.HAL_MspDeInit
                0x0000000000000000        0x2 build/stm32f1xx_hal.o
 .text.HAL_DeInit
                0x0000000000000000       0x20 build/stm32f1xx_hal.o
 .text.HAL_SuspendTick
                0x0000000000000000       0x10 build/stm32f1xx_hal.o
 .text.HAL_ResumeTick
                0x0000000000000000       0x10 build/stm32f1xx_hal.o
 .text.HAL_GetHalVersion
                0x0000000000000000        0x8 build/stm32f1xx_hal.o
 .text.HAL_GetREVID
                0x0000000000000000        0xc build/stm32f1xx_hal.o
 .text.HAL_GetDEVID
                0x0000000000000000       0x10 build/stm32f1xx_hal.o
 .text.HAL_DBGMCU_EnableDBGSleepMode
                0x0000000000000000       0x10 build/stm32f1xx_hal.o
 .text.HAL_DBGMCU_DisableDBGSleepMode
                0x0000000000000000       0x10 build/stm32f1xx_hal.o
 .text.HAL_DBGMCU_EnableDBGStopMode
                0x0000000000000000       0x10 build/stm32f1xx_hal.o
 .text.HAL_DBGMCU_DisableDBGStopMode
                0x0000000000000000       0x10 build/stm32f1xx_hal.o
 .text.HAL_DBGMCU_EnableDBGStandbyMode
                0x0000000000000000       0x10 build/stm32f1xx_hal.o
 .text.HAL_DBGMCU_DisableDBGStandbyMode
                0x0000000000000000       0x10 build/stm32f1xx_hal.o
 .text.HAL_GetUID
                0x0000000000000000       0x20 build/stm32f1xx_hal.o
 .text          0x0000000000000000        0x0 build/stm32f1xx_hal_rcc.o
 .data          0x0000000000000000        0x0 build/stm32f1xx_hal_rcc.o
 .bss           0x0000000000000000        0x0 build/stm32f1xx_hal_rcc.o
 .text.HAL_RCC_DeInit
                0x0000000000000000       0x44 build/stm32f1xx_hal_rcc.o
 .text.HAL_RCC_MCOConfig
                0x0000000000000000       0x4c build/stm32f1xx_hal_rcc.o
 .text.HAL_RCC_EnableCSS
                0x0000000000000000        0xc build/stm32f1xx_hal_rcc.o
 .text.HAL_RCC_DisableCSS
                0x0000000000000000        0xc build/stm32f1xx_hal_rcc.o
 .text.HAL_RCC_GetOscConfig
                0x0000000000000000       0xb4 build/stm32f1xx_hal_rcc.o
 .text.HAL_RCC_GetClockConfig
                0x0000000000000000       0x3c build/stm32f1xx_hal_rcc.o
 .text.HAL_RCC_CSSCallback
                0x0000000000000000        0x2 build/stm32f1xx_hal_rcc.o
 .text.HAL_RCC_NMI_IRQHandler
                0x0000000000000000       0x24 build/stm32f1xx_hal_rcc.o
 .text          0x0000000000000000        0x0 build/stm32f1xx_hal_rcc_ex.o
 .data          0x0000000000000000        0x0 build/stm32f1xx_hal_rcc_ex.o
 .bss           0x0000000000000000        0x0 build/stm32f1xx_hal_rcc_ex.o
 .text.HAL_RCCEx_PeriphCLKConfig
                0x0000000000000000      0x114 build/stm32f1xx_hal_rcc_ex.o
 .text.HAL_RCCEx_GetPeriphCLKConfig
                0x0000000000000000       0x34 build/stm32f1xx_hal_rcc_ex.o
 .text.HAL_RCCEx_GetPeriphCLKFreq
                0x0000000000000000      0x118 build/stm32f1xx_hal_rcc_ex.o
 .rodata        0x0000000000000000       0x12 build/stm32f1xx_hal_rcc_ex.o
 .debug_info    0x0000000000000000      0xdbf build/stm32f1xx_hal_rcc_ex.o
 .debug_abbrev  0x0000000000000000      0x296 build/stm32f1xx_hal_rcc_ex.o
 .debug_loc     0x0000000000000000      0x392 build/stm32f1xx_hal_rcc_ex.o
 .debug_aranges
                0x0000000000000000       0x30 build/stm32f1xx_hal_rcc_ex.o
 .debug_ranges  0x0000000000000000       0x38 build/stm32f1xx_hal_rcc_ex.o
 .debug_line    0x0000000000000000      0x34c build/stm32f1xx_hal_rcc_ex.o
 .debug_str     0x0000000000000000      0x827 build/stm32f1xx_hal_rcc_ex.o
 .comment       0x0000000000000000       0x80 build/stm32f1xx_hal_rcc_ex.o
 .debug_frame   0x0000000000000000       0x74 build/stm32f1xx_hal_rcc_ex.o
 .ARM.attributes
                0x0000000000000000       0x33 build/stm32f1xx_hal_rcc_ex.o
 .text          0x0000000000000000        0x0 build/stm32f1xx_hal_gpio.o
 .data          0x0000000000000000        0x0 build/stm32f1xx_hal_gpio.o
 .bss           0x0000000000000000        0x0 build/stm32f1xx_hal_gpio.o
 .text.HAL_GPIO_DeInit
                0x0000000000000000       0xf8 build/stm32f1xx_hal_gpio.o
 .text.HAL_GPIO_ReadPin
                0x0000000000000000        0xe build/stm32f1xx_hal_gpio.o
 .text.HAL_GPIO_WritePin
                0x0000000000000000        0xc build/stm32f1xx_hal_gpio.o
 .text.HAL_GPIO_TogglePin
                0x0000000000000000        0x8 build/stm32f1xx_hal_gpio.o
 .text.HAL_GPIO_LockPin
                0x0000000000000000       0x2e build/stm32f1xx_hal_gpio.o
 .text.HAL_GPIO_EXTI_Callback
                0x0000000000000000        0x2 build/stm32f1xx_hal_gpio.o
 .text.HAL_GPIO_EXTI_IRQHandler
                0x0000000000000000       0x1c build/stm32f1xx_hal_gpio.o
 .text          0x0000000000000000        0x0 build/stm32f1xx_hal_dma.o
 .data          0x0000000000000000        0x0 build/stm32f1xx_hal_dma.o
 .bss           0x0000000000000000        0x0 build/stm32f1xx_hal_dma.o
 .text.DMA_SetConfig
                0x0000000000000000       0x2c build/stm32f1xx_hal_dma.o
 .text.HAL_DMA_Init
                0x0000000000000000       0xa0 build/stm32f1xx_hal_dma.o
 .text.HAL_DMA_DeInit
                0x0000000000000000       0x88 build/stm32f1xx_hal_dma.o
 .text.HAL_DMA_Start
                0x0000000000000000       0x50 build/stm32f1xx_hal_dma.o
 .text.HAL_DMA_Start_IT
                0x0000000000000000       0x74 build/stm32f1xx_hal_dma.o
 .text.HAL_DMA_Abort
                0x0000000000000000       0x2e build/stm32f1xx_hal_dma.o
 .text.HAL_DMA_Abort_IT
                0x0000000000000000      0x168 build/stm32f1xx_hal_dma.o
 .text.HAL_DMA_PollForTransfer
                0x0000000000000000      0x548 build/stm32f1xx_hal_dma.o
 .text.HAL_DMA_IRQHandler
                0x0000000000000000      0x2ec build/stm32f1xx_hal_dma.o
 .text.HAL_DMA_RegisterCallback
                0x0000000000000000       0x4e build/stm32f1xx_hal_dma.o
 .text.HAL_DMA_UnRegisterCallback
                0x0000000000000000       0x5c build/stm32f1xx_hal_dma.o
 .text.HAL_DMA_GetState
                0x0000000000000000        0x6 build/stm32f1xx_hal_dma.o
 .text.HAL_DMA_GetError
                0x0000000000000000        0x4 build/stm32f1xx_hal_dma.o
 .debug_info    0x0000000000000000     0x116c build/stm32f1xx_hal_dma.o
 .debug_abbrev  0x0000000000000000      0x2ff build/stm32f1xx_hal_dma.o
 .debug_loc     0x0000000000000000      0x8c3 build/stm32f1xx_hal_dma.o
 .debug_aranges
                0x0000000000000000       0x80 build/stm32f1xx_hal_dma.o
 .debug_ranges  0x0000000000000000       0x70 build/stm32f1xx_hal_dma.o
 .debug_line    0x0000000000000000      0x85d build/stm32f1xx_hal_dma.o
 .debug_str     0x0000000000000000      0xa25 build/stm32f1xx_hal_dma.o
 .comment       0x0000000000000000       0x80 build/stm32f1xx_hal_dma.o
 .debug_frame   0x0000000000000000      0x168 build/stm32f1xx_hal_dma.o
 .ARM.attributes
                0x0000000000000000       0x33 build/stm32f1xx_hal_dma.o
 .text          0x0000000000000000        0x0 build/stm32f1xx_hal_cortex.o
 .data          0x0000000000000000        0x0 build/stm32f1xx_hal_cortex.o
 .bss           0x0000000000000000        0x0 build/stm32f1xx_hal_cortex.o
 .text.HAL_NVIC_EnableIRQ
                0x0000000000000000       0x18 build/stm32f1xx_hal_cortex.o
 .text.HAL_NVIC_DisableIRQ
                0x0000000000000000       0x18 build/stm32f1xx_hal_cortex.o
 .text.HAL_NVIC_SystemReset
                0x0000000000000000       0x24 build/stm32f1xx_hal_cortex.o
 .text.HAL_NVIC_GetPriorityGrouping
                0x0000000000000000       0x10 build/stm32f1xx_hal_cortex.o
 .text.HAL_NVIC_GetPriority
                0x0000000000000000       0x60 build/stm32f1xx_hal_cortex.o
 .text.HAL_NVIC_SetPendingIRQ
                0x0000000000000000       0x18 build/stm32f1xx_hal_cortex.o
 .text.HAL_NVIC_GetPendingIRQ
                0x0000000000000000       0x1c build/stm32f1xx_hal_cortex.o
 .text.HAL_NVIC_ClearPendingIRQ
                0x0000000000000000       0x18 build/stm32f1xx_hal_cortex.o
 .text.HAL_NVIC_GetActive
                0x0000000000000000       0x1c build/stm32f1xx_hal_cortex.o
 .text          0x0000000000000000        0x0 build/stm32f1xx_hal_pwr.o
 .data          0x0000000000000000        0x0 build/stm32f1xx_hal_pwr.o
 .bss           0x0000000000000000        0x0 build/stm32f1xx_hal_pwr.o
 .text.PWR_OverloadWfe
                0x0000000000000000        0x6 build/stm32f1xx_hal_pwr.o
 .text.HAL_PWR_DeInit
                0x0000000000000000       0x18 build/stm32f1xx_hal_pwr.o
 .text.HAL_PWR_EnableBkUpAccess
                0x0000000000000000        0xc build/stm32f1xx_hal_pwr.o
 .text.HAL_PWR_DisableBkUpAccess
                0x0000000000000000        0xc build/stm32f1xx_hal_pwr.o
 .text.HAL_PWR_ConfigPVD
                0x0000000000000000       0x84 build/stm32f1xx_hal_pwr.o
 .text.HAL_PWR_EnablePVD
                0x0000000000000000        0xc build/stm32f1xx_hal_pwr.o
 .text.HAL_PWR_DisablePVD
                0x0000000000000000        0xc build/stm32f1xx_hal_pwr.o
 .text.HAL_PWR_EnableWakeUpPin
                0x0000000000000000       0x18 build/stm32f1xx_hal_pwr.o
 .text.HAL_PWR_DisableWakeUpPin
                0x0000000000000000       0x18 build/stm32f1xx_hal_pwr.o
 .text.HAL_PWR_EnterSLEEPMode
                0x0000000000000000       0x20 build/stm32f1xx_hal_pwr.o
 .text.HAL_PWR_EnterSTOPMode
                0x0000000000000000       0x48 build/stm32f1xx_hal_pwr.o
 .text.HAL_PWR_EnterSTANDBYMode
                0x0000000000000000       0x20 build/stm32f1xx_hal_pwr.o
 .text.HAL_PWR_EnableSleepOnExit
                0x0000000000000000       0x10 build/stm32f1xx_hal_pwr.o
 .text.HAL_PWR_DisableSleepOnExit
                0x0000000000000000       0x10 build/stm32f1xx_hal_pwr.o
 .text.HAL_PWR_EnableSEVOnPend
                0x0000000000000000       0x10 build/stm32f1xx_hal_pwr.o
 .text.HAL_PWR_DisableSEVOnPend
                0x0000000000000000       0x10 build/stm32f1xx_hal_pwr.o
 .text.HAL_PWR_PVDCallback
                0x0000000000000000        0x2 build/stm32f1xx_hal_pwr.o
 .text.HAL_PWR_PVD_IRQHandler
                0x0000000000000000       0x20 build/stm32f1xx_hal_pwr.o
 .debug_info    0x0000000000000000     0x10eb build/stm32f1xx_hal_pwr.o
 .debug_abbrev  0x0000000000000000      0x2c2 build/stm32f1xx_hal_pwr.o
 .debug_loc     0x0000000000000000       0xf5 build/stm32f1xx_hal_pwr.o
 .debug_aranges
                0x0000000000000000       0xa8 build/stm32f1xx_hal_pwr.o
 .debug_ranges  0x0000000000000000       0x98 build/stm32f1xx_hal_pwr.o
 .debug_line    0x0000000000000000      0x3f7 build/stm32f1xx_hal_pwr.o
 .debug_str     0x0000000000000000      0x8c3 build/stm32f1xx_hal_pwr.o
 .comment       0x0000000000000000       0x80 build/stm32f1xx_hal_pwr.o
 .debug_frame   0x0000000000000000      0x148 build/stm32f1xx_hal_pwr.o
 .ARM.attributes
                0x0000000000000000       0x33 build/stm32f1xx_hal_pwr.o
 .text          0x0000000000000000        0x0 build/stm32f1xx_hal_flash.o
 .data          0x0000000000000000        0x0 build/stm32f1xx_hal_flash.o
 .bss           0x0000000000000000        0x0 build/stm32f1xx_hal_flash.o
 .text.FLASH_Program_HalfWord
                0x0000000000000000       0x1c build/stm32f1xx_hal_flash.o
 .text.FLASH_SetErrorCode
                0x0000000000000000       0x74 build/stm32f1xx_hal_flash.o
 .text.HAL_FLASH_Program_IT
                0x0000000000000000       0x64 build/stm32f1xx_hal_flash.o
 .text.HAL_FLASH_EndOfOperationCallback
                0x0000000000000000        0x2 build/stm32f1xx_hal_flash.o
 .text.HAL_FLASH_OperationErrorCallback
                0x0000000000000000        0x2 build/stm32f1xx_hal_flash.o
 .text.HAL_FLASH_IRQHandler
                0x0000000000000000      0x154 build/stm32f1xx_hal_flash.o
 .text.HAL_FLASH_Unlock
                0x0000000000000000       0x28 build/stm32f1xx_hal_flash.o
 .text.HAL_FLASH_Lock
                0x0000000000000000       0x14 build/stm32f1xx_hal_flash.o
 .text.HAL_FLASH_OB_Unlock
                0x0000000000000000       0x28 build/stm32f1xx_hal_flash.o
 .text.HAL_FLASH_OB_Lock
                0x0000000000000000       0x14 build/stm32f1xx_hal_flash.o
 .text.HAL_FLASH_OB_Launch
                0x0000000000000000        0x8 build/stm32f1xx_hal_flash.o
 .text.HAL_FLASH_GetError
                0x0000000000000000        0xc build/stm32f1xx_hal_flash.o
 .text.FLASH_WaitForLastOperation
                0x0000000000000000       0x6c build/stm32f1xx_hal_flash.o
 .text.HAL_FLASH_Program
                0x0000000000000000       0x9c build/stm32f1xx_hal_flash.o
 .debug_info    0x0000000000000000      0xfe8 build/stm32f1xx_hal_flash.o
 .debug_abbrev  0x0000000000000000      0x317 build/stm32f1xx_hal_flash.o
 .debug_loc     0x0000000000000000      0x3ac build/stm32f1xx_hal_flash.o
 .debug_aranges
                0x0000000000000000       0x88 build/stm32f1xx_hal_flash.o
 .debug_ranges  0x0000000000000000       0x78 build/stm32f1xx_hal_flash.o
 .debug_line    0x0000000000000000      0x48e build/stm32f1xx_hal_flash.o
 .debug_str     0x0000000000000000      0x945 build/stm32f1xx_hal_flash.o
 .comment       0x0000000000000000       0x80 build/stm32f1xx_hal_flash.o
 .debug_frame   0x0000000000000000      0x150 build/stm32f1xx_hal_flash.o
 .ARM.attributes
                0x0000000000000000       0x33 build/stm32f1xx_hal_flash.o
 COMMON         0x0000000000000000       0x20 build/stm32f1xx_hal_flash.o
 .text          0x0000000000000000        0x0 build/stm32f1xx_hal_flash_ex.o
 .data          0x0000000000000000        0x0 build/stm32f1xx_hal_flash_ex.o
 .bss           0x0000000000000000        0x0 build/stm32f1xx_hal_flash_ex.o
 .text.FLASH_MassErase
                0x0000000000000000       0x24 build/stm32f1xx_hal_flash_ex.o
 .text.FLASH_OB_GetWRP
                0x0000000000000000        0xc build/stm32f1xx_hal_flash_ex.o
 .text.FLASH_OB_GetRDP
                0x0000000000000000       0x18 build/stm32f1xx_hal_flash_ex.o
 .text.FLASH_OB_GetUser
                0x0000000000000000       0x10 build/stm32f1xx_hal_flash_ex.o
 .text.FLASH_OB_RDP_LevelConfig
                0x0000000000000000       0x70 build/stm32f1xx_hal_flash_ex.o
 .text.FLASH_OB_UserConfig
                0x0000000000000000       0x4c build/stm32f1xx_hal_flash_ex.o
 .text.FLASH_OB_ProgramData
                0x0000000000000000       0x48 build/stm32f1xx_hal_flash_ex.o
 .text.HAL_FLASHEx_OBErase
                0x0000000000000000       0x58 build/stm32f1xx_hal_flash_ex.o
 .text.FLASH_OB_EnableWRP
                0x0000000000000000       0xc0 build/stm32f1xx_hal_flash_ex.o
 .text.FLASH_OB_DisableWRP
                0x0000000000000000       0xc0 build/stm32f1xx_hal_flash_ex.o
 .text.HAL_FLASHEx_OBProgram
                0x0000000000000000       0xa8 build/stm32f1xx_hal_flash_ex.o
 .text.HAL_FLASHEx_OBGetConfig
                0x0000000000000000       0x1c build/stm32f1xx_hal_flash_ex.o
 .text.HAL_FLASHEx_OBGetUserData
                0x0000000000000000       0x24 build/stm32f1xx_hal_flash_ex.o
 .text.FLASH_PageErase
                0x0000000000000000       0x24 build/stm32f1xx_hal_flash_ex.o
 .text.HAL_FLASHEx_Erase
                0x0000000000000000       0xa4 build/stm32f1xx_hal_flash_ex.o
 .text.HAL_FLASHEx_Erase_IT
                0x0000000000000000       0x5c build/stm32f1xx_hal_flash_ex.o
 .debug_info    0x0000000000000000     0x1419 build/stm32f1xx_hal_flash_ex.o
 .debug_abbrev  0x0000000000000000      0x32a build/stm32f1xx_hal_flash_ex.o
 .debug_loc     0x0000000000000000      0x9b1 build/stm32f1xx_hal_flash_ex.o
 .debug_aranges
                0x0000000000000000       0x98 build/stm32f1xx_hal_flash_ex.o
 .debug_ranges  0x0000000000000000       0x88 build/stm32f1xx_hal_flash_ex.o
 .debug_line    0x0000000000000000      0x502 build/stm32f1xx_hal_flash_ex.o
 .debug_str     0x0000000000000000      0xa5b build/stm32f1xx_hal_flash_ex.o
 .comment       0x0000000000000000       0x80 build/stm32f1xx_hal_flash_ex.o
 .debug_frame   0x0000000000000000      0x1c8 build/stm32f1xx_hal_flash_ex.o
 .ARM.attributes
                0x0000000000000000       0x33 build/stm32f1xx_hal_flash_ex.o
 .text          0x0000000000000000        0x0 build/stm32f1xx_hal_usart.o
 .data          0x0000000000000000        0x0 build/stm32f1xx_hal_usart.o
 .bss           0x0000000000000000        0x0 build/stm32f1xx_hal_usart.o
 .text.USART_EndTxTransfer
                0x0000000000000000       0x12 build/stm32f1xx_hal_usart.o
 .text.USART_EndRxTransfer
                0x0000000000000000       0x1c build/stm32f1xx_hal_usart.o
 .text.USART_Transmit_IT
                0x0000000000000000       0x68 build/stm32f1xx_hal_usart.o
 .text.USART_WaitOnFlagUntilTimeout
                0x0000000000000000       0x72 build/stm32f1xx_hal_usart.o
 .text.HAL_USART_MspDeInit
                0x0000000000000000        0x2 build/stm32f1xx_hal_usart.o
 .text.HAL_USART_DeInit
                0x0000000000000000       0x22 build/stm32f1xx_hal_usart.o
 .text.HAL_USART_Transmit
                0x0000000000000000       0xe0 build/stm32f1xx_hal_usart.o
 .text.HAL_USART_Receive
                0x0000000000000000      0x11c build/stm32f1xx_hal_usart.o
 .text.HAL_USART_TransmitReceive
                0x0000000000000000      0x156 build/stm32f1xx_hal_usart.o
 .text.HAL_USART_Transmit_IT
                0x0000000000000000       0x48 build/stm32f1xx_hal_usart.o
 .text.HAL_USART_Receive_IT
                0x0000000000000000       0x64 build/stm32f1xx_hal_usart.o
 .text.HAL_USART_TransmitReceive_IT
                0x0000000000000000       0x7c build/stm32f1xx_hal_usart.o
 .text.HAL_USART_Transmit_DMA
                0x0000000000000000       0x8c build/stm32f1xx_hal_usart.o
 .text.HAL_USART_Receive_DMA
                0x0000000000000000       0xd8 build/stm32f1xx_hal_usart.o
 .text.HAL_USART_TransmitReceive_DMA
                0x0000000000000000       0xf0 build/stm32f1xx_hal_usart.o
 .text.HAL_USART_DMAPause
                0x0000000000000000       0x26 build/stm32f1xx_hal_usart.o
 .text.HAL_USART_DMAResume
                0x0000000000000000       0x26 build/stm32f1xx_hal_usart.o
 .text.HAL_USART_DMAStop
                0x0000000000000000       0x66 build/stm32f1xx_hal_usart.o
 .text.HAL_USART_Abort
                0x0000000000000000       0x68 build/stm32f1xx_hal_usart.o
 .text.HAL_USART_TxCpltCallback
                0x0000000000000000        0x2 build/stm32f1xx_hal_usart.o
 .text.USART_DMATransmitCplt
                0x0000000000000000       0x46 build/stm32f1xx_hal_usart.o
 .text.USART_EndTransmit_IT
                0x0000000000000000       0x24 build/stm32f1xx_hal_usart.o
 .text.HAL_USART_TxHalfCpltCallback
                0x0000000000000000        0x2 build/stm32f1xx_hal_usart.o
 .text.USART_DMATxHalfCplt
                0x0000000000000000        0xa build/stm32f1xx_hal_usart.o
 .text.HAL_USART_RxCpltCallback
                0x0000000000000000        0x2 build/stm32f1xx_hal_usart.o
 .text.USART_Receive_IT
                0x0000000000000000       0xc0 build/stm32f1xx_hal_usart.o
 .text.HAL_USART_RxHalfCpltCallback
                0x0000000000000000        0x2 build/stm32f1xx_hal_usart.o
 .text.USART_DMARxHalfCplt
                0x0000000000000000        0xa build/stm32f1xx_hal_usart.o
 .text.HAL_USART_TxRxCpltCallback
                0x0000000000000000        0x2 build/stm32f1xx_hal_usart.o
 .text.USART_DMAReceiveCplt
                0x0000000000000000       0x7a build/stm32f1xx_hal_usart.o
 .text.USART_TransmitReceive_IT
                0x0000000000000000      0x104 build/stm32f1xx_hal_usart.o
 .text.HAL_USART_ErrorCallback
                0x0000000000000000        0x2 build/stm32f1xx_hal_usart.o
 .text.USART_DMAError
                0x0000000000000000       0x5c build/stm32f1xx_hal_usart.o
 .text.HAL_USART_IRQHandler
                0x0000000000000000      0x154 build/stm32f1xx_hal_usart.o
 .text.USART_DMAAbortOnError
                0x0000000000000000       0x10 build/stm32f1xx_hal_usart.o
 .text.HAL_USART_AbortCpltCallback
                0x0000000000000000        0x2 build/stm32f1xx_hal_usart.o
 .text.HAL_USART_Abort_IT
                0x0000000000000000       0xc0 build/stm32f1xx_hal_usart.o
 .text.USART_DMARxAbortCallback
                0x0000000000000000       0x28 build/stm32f1xx_hal_usart.o
 .text.USART_DMATxAbortCallback
                0x0000000000000000       0x28 build/stm32f1xx_hal_usart.o
 .text.HAL_USART_GetState
                0x0000000000000000        0x6 build/stm32f1xx_hal_usart.o
 .text.HAL_USART_GetError
                0x0000000000000000        0x4 build/stm32f1xx_hal_usart.o
 .text          0x0000000000000000        0x0 build/system_stm32f1xx.o
 .data          0x0000000000000000        0x0 build/system_stm32f1xx.o
 .bss           0x0000000000000000        0x0 build/system_stm32f1xx.o
 .text.SystemCoreClockUpdate
                0x0000000000000000       0x94 build/system_stm32f1xx.o
 .text          0x0000000000000000        0x0 build/bsp_led.o
 .data          0x0000000000000000        0x0 build/bsp_led.o
 .bss           0x0000000000000000        0x0 build/bsp_led.o
 .text          0x0000000000000000        0x0 build/bsp_iic.o
 .data          0x0000000000000000        0x0 build/bsp_iic.o
 .bss           0x0000000000000000        0x0 build/bsp_iic.o
 .text.USER_I2C_GPIO_Config
                0x0000000000000000       0x64 build/bsp_iic.o
 .text.delay_us
                0x0000000000000000       0x10 build/bsp_iic.o
 .text.USER_I2C_NAck
                0x0000000000000000       0x24 build/bsp_iic.o
 .text.USER_I2C_Ack
                0x0000000000000000       0x24 build/bsp_iic.o
 .text.USER_I2C_Config
                0x0000000000000000        0x8 build/bsp_iic.o
 .text.USER_I2C_Start
                0x0000000000000000       0x24 build/bsp_iic.o
 .text.USER_I2C_Stop
                0x0000000000000000       0x24 build/bsp_iic.o
 .text.USER_I2C_Wait_Ack
                0x0000000000000000       0x44 build/bsp_iic.o
 .text.USER_I2C_SendByte
                0x0000000000000000       0x58 build/bsp_iic.o
 .text.USER_I2C_ReadByte
                0x0000000000000000       0x60 build/bsp_iic.o
 .text.USER_I2C_Write
                0x0000000000000000       0x4e build/bsp_iic.o
 .text.USER_I2C_Read
                0x0000000000000000       0x68 build/bsp_iic.o
 .debug_info    0x0000000000000000     0x10ac build/bsp_iic.o
 .debug_abbrev  0x0000000000000000      0x297 build/bsp_iic.o
 .debug_loc     0x0000000000000000      0x47a build/bsp_iic.o
 .debug_aranges
                0x0000000000000000       0x78 build/bsp_iic.o
 .debug_ranges  0x0000000000000000       0x68 build/bsp_iic.o
 .debug_line    0x0000000000000000      0x39a build/bsp_iic.o
 .debug_str     0x0000000000000000      0x76a build/bsp_iic.o
 .comment       0x0000000000000000       0x80 build/bsp_iic.o
 .debug_frame   0x0000000000000000      0x198 build/bsp_iic.o
 .ARM.attributes
                0x0000000000000000       0x33 build/bsp_iic.o
 .text          0x0000000000000000        0x0 build/bsp_uart_receive.o
 .data          0x0000000000000000        0x0 build/bsp_uart_receive.o
 .bss           0x0000000000000000        0x0 build/bsp_uart_receive.o
 .text          0x0000000000000000       0x14 build/startup_stm32f103xe.o
 .data          0x0000000000000000        0x0 build/startup_stm32f103xe.o
 .bss           0x0000000000000000        0x0 build/startup_stm32f103xe.o
 .text          0x0000000000000000        0x0 /usr/local/gcc-arm-none-eabi-7-2018-q2-update/bin/../lib/gcc/arm-none-eabi/7.3.1/../../../../arm-none-eabi/lib/thumb/v7-m/libc_nano.a(lib_a-exit.o)
 .data          0x0000000000000000        0x0 /usr/local/gcc-arm-none-eabi-7-2018-q2-update/bin/../lib/gcc/arm-none-eabi/7.3.1/../../../../arm-none-eabi/lib/thumb/v7-m/libc_nano.a(lib_a-exit.o)
 .bss           0x0000000000000000        0x0 /usr/local/gcc-arm-none-eabi-7-2018-q2-update/bin/../lib/gcc/arm-none-eabi/7.3.1/../../../../arm-none-eabi/lib/thumb/v7-m/libc_nano.a(lib_a-exit.o)
 .text.exit     0x0000000000000000       0x28 /usr/local/gcc-arm-none-eabi-7-2018-q2-update/bin/../lib/gcc/arm-none-eabi/7.3.1/../../../../arm-none-eabi/lib/thumb/v7-m/libc_nano.a(lib_a-exit.o)
 .debug_frame   0x0000000000000000       0x28 /usr/local/gcc-arm-none-eabi-7-2018-q2-update/bin/../lib/gcc/arm-none-eabi/7.3.1/../../../../arm-none-eabi/lib/thumb/v7-m/libc_nano.a(lib_a-exit.o)
 .ARM.attributes
                0x0000000000000000       0x2d /usr/local/gcc-arm-none-eabi-7-2018-q2-update/bin/../lib/gcc/arm-none-eabi/7.3.1/../../../../arm-none-eabi/lib/thumb/v7-m/libc_nano.a(lib_a-exit.o)
 .text          0x0000000000000000        0x0 /usr/local/gcc-arm-none-eabi-7-2018-q2-update/bin/../lib/gcc/arm-none-eabi/7.3.1/../../../../arm-none-eabi/lib/thumb/v7-m/libc_nano.a(lib_a-impure.o)
 .data          0x0000000000000000        0x0 /usr/local/gcc-arm-none-eabi-7-2018-q2-update/bin/../lib/gcc/arm-none-eabi/7.3.1/../../../../arm-none-eabi/lib/thumb/v7-m/libc_nano.a(lib_a-impure.o)
 .bss           0x0000000000000000        0x0 /usr/local/gcc-arm-none-eabi-7-2018-q2-update/bin/../lib/gcc/arm-none-eabi/7.3.1/../../../../arm-none-eabi/lib/thumb/v7-m/libc_nano.a(lib_a-impure.o)
 .data._impure_ptr
                0x0000000000000000        0x4 /usr/local/gcc-arm-none-eabi-7-2018-q2-update/bin/../lib/gcc/arm-none-eabi/7.3.1/../../../../arm-none-eabi/lib/thumb/v7-m/libc_nano.a(lib_a-impure.o)
 .data.impure_data
                0x0000000000000000       0x60 /usr/local/gcc-arm-none-eabi-7-2018-q2-update/bin/../lib/gcc/arm-none-eabi/7.3.1/../../../../arm-none-eabi/lib/thumb/v7-m/libc_nano.a(lib_a-impure.o)
 .rodata._global_impure_ptr
                0x0000000000000000        0x4 /usr/local/gcc-arm-none-eabi-7-2018-q2-update/bin/../lib/gcc/arm-none-eabi/7.3.1/../../../../arm-none-eabi/lib/thumb/v7-m/libc_nano.a(lib_a-impure.o)
 .ARM.attributes
                0x0000000000000000       0x2d /usr/local/gcc-arm-none-eabi-7-2018-q2-update/bin/../lib/gcc/arm-none-eabi/7.3.1/../../../../arm-none-eabi/lib/thumb/v7-m/libc_nano.a(lib_a-impure.o)
 .text          0x0000000000000000        0x0 /usr/local/gcc-arm-none-eabi-7-2018-q2-update/bin/../lib/gcc/arm-none-eabi/7.3.1/../../../../arm-none-eabi/lib/thumb/v7-m/libc_nano.a(lib_a-init.o)
 .data          0x0000000000000000        0x0 /usr/local/gcc-arm-none-eabi-7-2018-q2-update/bin/../lib/gcc/arm-none-eabi/7.3.1/../../../../arm-none-eabi/lib/thumb/v7-m/libc_nano.a(lib_a-init.o)
 .bss           0x0000000000000000        0x0 /usr/local/gcc-arm-none-eabi-7-2018-q2-update/bin/../lib/gcc/arm-none-eabi/7.3.1/../../../../arm-none-eabi/lib/thumb/v7-m/libc_nano.a(lib_a-init.o)
 .text          0x0000000000000000        0x0 /usr/local/gcc-arm-none-eabi-7-2018-q2-update/bin/../lib/gcc/arm-none-eabi/7.3.1/../../../../arm-none-eabi/lib/thumb/v7-m/libc_nano.a(lib_a-memset.o)
 .data          0x0000000000000000        0x0 /usr/local/gcc-arm-none-eabi-7-2018-q2-update/bin/../lib/gcc/arm-none-eabi/7.3.1/../../../../arm-none-eabi/lib/thumb/v7-m/libc_nano.a(lib_a-memset.o)
 .bss           0x0000000000000000        0x0 /usr/local/gcc-arm-none-eabi-7-2018-q2-update/bin/../lib/gcc/arm-none-eabi/7.3.1/../../../../arm-none-eabi/lib/thumb/v7-m/libc_nano.a(lib_a-memset.o)
 .text.memset   0x0000000000000000       0x10 /usr/local/gcc-arm-none-eabi-7-2018-q2-update/bin/../lib/gcc/arm-none-eabi/7.3.1/../../../../arm-none-eabi/lib/thumb/v7-m/libc_nano.a(lib_a-memset.o)
 .debug_frame   0x0000000000000000       0x20 /usr/local/gcc-arm-none-eabi-7-2018-q2-update/bin/../lib/gcc/arm-none-eabi/7.3.1/../../../../arm-none-eabi/lib/thumb/v7-m/libc_nano.a(lib_a-memset.o)
 .ARM.attributes
                0x0000000000000000       0x2d /usr/local/gcc-arm-none-eabi-7-2018-q2-update/bin/../lib/gcc/arm-none-eabi/7.3.1/../../../../arm-none-eabi/lib/thumb/v7-m/libc_nano.a(lib_a-memset.o)
 .text          0x0000000000000000        0x0 /usr/local/gcc-arm-none-eabi-7-2018-q2-update/bin/../lib/gcc/arm-none-eabi/7.3.1/../../../../arm-none-eabi/lib/thumb/v7-m/libnosys.a(_exit.o)
 .data          0x0000000000000000        0x0 /usr/local/gcc-arm-none-eabi-7-2018-q2-update/bin/../lib/gcc/arm-none-eabi/7.3.1/../../../../arm-none-eabi/lib/thumb/v7-m/libnosys.a(_exit.o)
 .bss           0x0000000000000000        0x0 /usr/local/gcc-arm-none-eabi-7-2018-q2-update/bin/../lib/gcc/arm-none-eabi/7.3.1/../../../../arm-none-eabi/lib/thumb/v7-m/libnosys.a(_exit.o)
 .text._exit    0x0000000000000000        0x4 /usr/local/gcc-arm-none-eabi-7-2018-q2-update/bin/../lib/gcc/arm-none-eabi/7.3.1/../../../../arm-none-eabi/lib/thumb/v7-m/libnosys.a(_exit.o)
 .debug_frame   0x0000000000000000       0x20 /usr/local/gcc-arm-none-eabi-7-2018-q2-update/bin/../lib/gcc/arm-none-eabi/7.3.1/../../../../arm-none-eabi/lib/thumb/v7-m/libnosys.a(_exit.o)
 .ARM.attributes
                0x0000000000000000       0x2d /usr/local/gcc-arm-none-eabi-7-2018-q2-update/bin/../lib/gcc/arm-none-eabi/7.3.1/../../../../arm-none-eabi/lib/thumb/v7-m/libnosys.a(_exit.o)
 .text          0x0000000000000000        0x0 /usr/local/gcc-arm-none-eabi-7-2018-q2-update/bin/../lib/gcc/arm-none-eabi/7.3.1/thumb/v7-m/crtend.o
 .data          0x0000000000000000        0x0 /usr/local/gcc-arm-none-eabi-7-2018-q2-update/bin/../lib/gcc/arm-none-eabi/7.3.1/thumb/v7-m/crtend.o
 .bss           0x0000000000000000        0x0 /usr/local/gcc-arm-none-eabi-7-2018-q2-update/bin/../lib/gcc/arm-none-eabi/7.3.1/thumb/v7-m/crtend.o
 .eh_frame      0x0000000000000000        0x4 /usr/local/gcc-arm-none-eabi-7-2018-q2-update/bin/../lib/gcc/arm-none-eabi/7.3.1/thumb/v7-m/crtend.o
 .ARM.attributes
                0x0000000000000000       0x2d /usr/local/gcc-arm-none-eabi-7-2018-q2-update/bin/../lib/gcc/arm-none-eabi/7.3.1/thumb/v7-m/crtend.o
 .text          0x0000000000000000        0x0 /usr/local/gcc-arm-none-eabi-7-2018-q2-update/bin/../lib/gcc/arm-none-eabi/7.3.1/thumb/v7-m/crtn.o
 .data          0x0000000000000000        0x0 /usr/local/gcc-arm-none-eabi-7-2018-q2-update/bin/../lib/gcc/arm-none-eabi/7.3.1/thumb/v7-m/crtn.o
 .bss           0x0000000000000000        0x0 /usr/local/gcc-arm-none-eabi-7-2018-q2-update/bin/../lib/gcc/arm-none-eabi/7.3.1/thumb/v7-m/crtn.o

Memory Configuration

Name             Origin             Length             Attributes
RAM              0x0000000020000000 0x0000000000010000 xrw
FLASH            0x0000000008000000 0x0000000000080000 xr
*default*        0x0000000000000000 0xffffffffffffffff

Linker script and memory map

LOAD /usr/local/gcc-arm-none-eabi-7-2018-q2-update/bin/../lib/gcc/arm-none-eabi/7.3.1/thumb/v7-m/crti.o
LOAD /usr/local/gcc-arm-none-eabi-7-2018-q2-update/bin/../lib/gcc/arm-none-eabi/7.3.1/thumb/v7-m/crtbegin.o
LOAD /usr/local/gcc-arm-none-eabi-7-2018-q2-update/bin/../lib/gcc/arm-none-eabi/7.3.1/../../../../arm-none-eabi/lib/thumb/v7-m/crt0.o
LOAD build/main.o
LOAD build/stm32f1xx_it.o
LOAD build/stm32f1xx_hal_msp.o
LOAD build/stm32f1xx_hal_gpio_ex.o
LOAD build/stm32f1xx_hal_tim.o
LOAD build/stm32f1xx_hal_tim_ex.o
LOAD build/stm32f1xx_hal.o
LOAD build/stm32f1xx_hal_rcc.o
LOAD build/stm32f1xx_hal_rcc_ex.o
LOAD build/stm32f1xx_hal_gpio.o
LOAD build/stm32f1xx_hal_dma.o
LOAD build/stm32f1xx_hal_cortex.o
LOAD build/stm32f1xx_hal_pwr.o
LOAD build/stm32f1xx_hal_flash.o
LOAD build/stm32f1xx_hal_flash_ex.o
LOAD build/stm32f1xx_hal_usart.o
LOAD build/system_stm32f1xx.o
LOAD build/bsp_led.o
LOAD build/bsp_iic.o
LOAD build/bsp_uart_receive.o
LOAD build/startup_stm32f103xe.o
LOAD /usr/local/gcc-arm-none-eabi-7-2018-q2-update/bin/../lib/gcc/arm-none-eabi/7.3.1/../../../../arm-none-eabi/lib/thumb/v7-m/libc_nano.a
LOAD /usr/local/gcc-arm-none-eabi-7-2018-q2-update/bin/../lib/gcc/arm-none-eabi/7.3.1/../../../../arm-none-eabi/lib/thumb/v7-m/libm.a
LOAD /usr/local/gcc-arm-none-eabi-7-2018-q2-update/bin/../lib/gcc/arm-none-eabi/7.3.1/../../../../arm-none-eabi/lib/thumb/v7-m/libnosys.a
START GROUP
LOAD /usr/local/gcc-arm-none-eabi-7-2018-q2-update/bin/../lib/gcc/arm-none-eabi/7.3.1/thumb/v7-m/libgcc.a
LOAD /usr/local/gcc-arm-none-eabi-7-2018-q2-update/bin/../lib/gcc/arm-none-eabi/7.3.1/../../../../arm-none-eabi/lib/thumb/v7-m/libc_nano.a
END GROUP
START GROUP
LOAD /usr/local/gcc-arm-none-eabi-7-2018-q2-update/bin/../lib/gcc/arm-none-eabi/7.3.1/thumb/v7-m/libgcc.a
LOAD /usr/local/gcc-arm-none-eabi-7-2018-q2-update/bin/../lib/gcc/arm-none-eabi/7.3.1/../../../../arm-none-eabi/lib/thumb/v7-m/libc_nano.a
END GROUP
LOAD /usr/local/gcc-arm-none-eabi-7-2018-q2-update/bin/../lib/gcc/arm-none-eabi/7.3.1/thumb/v7-m/crtend.o
LOAD /usr/local/gcc-arm-none-eabi-7-2018-q2-update/bin/../lib/gcc/arm-none-eabi/7.3.1/thumb/v7-m/crtn.o
                0x0000000020010000                _estack = 0x20010000
                0x0000000000000200                _Min_Heap_Size = 0x200
                0x0000000000000400                _Min_Stack_Size = 0x400

.isr_vector     0x0000000008000000      0x1e4
                0x0000000008000000                . = ALIGN (0x4)
 *(.isr_vector)
 .isr_vector    0x0000000008000000      0x1e4 build/startup_stm32f103xe.o
                0x0000000008000000                g_pfnVectors
                0x00000000080001e4                . = ALIGN (0x4)

.text           0x00000000080001e4      0xeac
                0x00000000080001e4                . = ALIGN (0x4)
 *(.text)
 .text          0x00000000080001e4       0x40 /usr/local/gcc-arm-none-eabi-7-2018-q2-update/bin/../lib/gcc/arm-none-eabi/7.3.1/thumb/v7-m/crtbegin.o
 *(.text*)
 .text.MX_GPIO_Init
                0x0000000008000224       0x20 build/main.o
 .text._Error_Handler
                0x0000000008000244        0x2 build/main.o
                0x0000000008000244                _Error_Handler
 *fill*         0x0000000008000246        0x2 
 .text.SystemClock_Config
                0x0000000008000248       0x84 build/main.o
                0x0000000008000248                SystemClock_Config
 .text.main     0x00000000080002cc       0x34 build/main.o
                0x00000000080002cc                main
 .text.NMI_Handler
                0x0000000008000300        0x2 build/stm32f1xx_it.o
                0x0000000008000300                NMI_Handler
 .text.HardFault_Handler
                0x0000000008000302        0x2 build/stm32f1xx_it.o
                0x0000000008000302                HardFault_Handler
 .text.MemManage_Handler
                0x0000000008000304        0x2 build/stm32f1xx_it.o
                0x0000000008000304                MemManage_Handler
 .text.BusFault_Handler
                0x0000000008000306        0x2 build/stm32f1xx_it.o
                0x0000000008000306                BusFault_Handler
 .text.UsageFault_Handler
                0x0000000008000308        0x2 build/stm32f1xx_it.o
                0x0000000008000308                UsageFault_Handler
 .text.SVC_Handler
                0x000000000800030a        0x2 build/stm32f1xx_it.o
                0x000000000800030a                SVC_Handler
 .text.DebugMon_Handler
                0x000000000800030c        0x2 build/stm32f1xx_it.o
                0x000000000800030c                DebugMon_Handler
 .text.PendSV_Handler
                0x000000000800030e        0x2 build/stm32f1xx_it.o
                0x000000000800030e                PendSV_Handler
 .text.SysTick_Handler
                0x0000000008000310        0xc build/stm32f1xx_it.o
                0x0000000008000310                SysTick_Handler
 .text.HAL_MspInit
                0x000000000800031c       0x90 build/stm32f1xx_hal_msp.o
                0x000000000800031c                HAL_MspInit
 .text.HAL_InitTick
                0x00000000080003ac       0x2c build/stm32f1xx_hal.o
                0x00000000080003ac                HAL_InitTick
 .text.HAL_Init
                0x00000000080003d8       0x24 build/stm32f1xx_hal.o
                0x00000000080003d8                HAL_Init
 .text.HAL_IncTick
                0x00000000080003fc       0x10 build/stm32f1xx_hal.o
                0x00000000080003fc                HAL_IncTick
 .text.HAL_GetTick
                0x000000000800040c        0xc build/stm32f1xx_hal.o
                0x000000000800040c                HAL_GetTick
 .text.HAL_Delay
                0x0000000008000418       0x24 build/stm32f1xx_hal.o
                0x0000000008000418                HAL_Delay
 .text.RCC_Delay
                0x000000000800043c       0x2c build/stm32f1xx_hal_rcc.o
 .text.HAL_RCC_OscConfig
                0x0000000008000468      0x3dc build/stm32f1xx_hal_rcc.o
                0x0000000008000468                HAL_RCC_OscConfig
 .text.HAL_RCC_GetSysClockFreq
                0x0000000008000844       0x70 build/stm32f1xx_hal_rcc.o
                0x0000000008000844                HAL_RCC_GetSysClockFreq
 .text.HAL_RCC_ClockConfig
                0x00000000080008b4      0x178 build/stm32f1xx_hal_rcc.o
                0x00000000080008b4                HAL_RCC_ClockConfig
 .text.HAL_RCC_GetHCLKFreq
                0x0000000008000a2c        0xc build/stm32f1xx_hal_rcc.o
                0x0000000008000a2c                HAL_RCC_GetHCLKFreq
 .text.HAL_RCC_GetPCLK1Freq
                0x0000000008000a38       0x20 build/stm32f1xx_hal_rcc.o
                0x0000000008000a38                HAL_RCC_GetPCLK1Freq
 .text.HAL_RCC_GetPCLK2Freq
                0x0000000008000a58       0x20 build/stm32f1xx_hal_rcc.o
                0x0000000008000a58                HAL_RCC_GetPCLK2Freq
 .text.HAL_GPIO_Init
                0x0000000008000a78      0x1f0 build/stm32f1xx_hal_gpio.o
                0x0000000008000a78                HAL_GPIO_Init
 .text.HAL_NVIC_SetPriorityGrouping
                0x0000000008000c68       0x24 build/stm32f1xx_hal_cortex.o
                0x0000000008000c68                HAL_NVIC_SetPriorityGrouping
 .text.HAL_NVIC_SetPriority
                0x0000000008000c8c       0x68 build/stm32f1xx_hal_cortex.o
                0x0000000008000c8c                HAL_NVIC_SetPriority
 .text.HAL_SYSTICK_Config
                0x0000000008000cf4       0x2c build/stm32f1xx_hal_cortex.o
                0x0000000008000cf4                HAL_SYSTICK_Config
 .text.HAL_SYSTICK_CLKSourceConfig
                0x0000000008000d20       0x20 build/stm32f1xx_hal_cortex.o
                0x0000000008000d20                HAL_SYSTICK_CLKSourceConfig
 .text.HAL_SYSTICK_Callback
                0x0000000008000d40        0x2 build/stm32f1xx_hal_cortex.o
                0x0000000008000d40                HAL_SYSTICK_Callback
 .text.HAL_SYSTICK_IRQHandler
                0x0000000008000d42        0x8 build/stm32f1xx_hal_cortex.o
                0x0000000008000d42                HAL_SYSTICK_IRQHandler
 *fill*         0x0000000008000d4a        0x2 
 .text.USART_SetConfig
                0x0000000008000d4c      0x12c build/stm32f1xx_hal_usart.o
 .text.HAL_USART_MspInit
                0x0000000008000e78        0x2 build/stm32f1xx_hal_usart.o
                0x0000000008000e78                HAL_USART_MspInit
 .text.HAL_USART_Init
                0x0000000008000e7a       0x50 build/stm32f1xx_hal_usart.o
                0x0000000008000e7a                HAL_USART_Init
 *fill*         0x0000000008000eca        0x2 
 .text.SystemInit
                0x0000000008000ecc       0x4c build/system_stm32f1xx.o
                0x0000000008000ecc                SystemInit
 .text.LED_Config
                0x0000000008000f18       0x3c build/bsp_led.o
                0x0000000008000f18                LED_Config
 .text.UART_Receive_Config
                0x0000000008000f54       0x90 build/bsp_uart_receive.o
                0x0000000008000f54                UART_Receive_Config
 .text.Reset_Handler
                0x0000000008000fe4       0x48 build/startup_stm32f103xe.o
                0x0000000008000fe4                Reset_Handler
 .text.Default_Handler
                0x000000000800102c        0x2 build/startup_stm32f103xe.o
                0x000000000800102c                RTC_Alarm_IRQHandler
                0x000000000800102c                EXTI2_IRQHandler
                0x000000000800102c                TIM8_TRG_COM_IRQHandler
                0x000000000800102c                TIM8_CC_IRQHandler
                0x000000000800102c                TIM1_CC_IRQHandler
                0x000000000800102c                TIM6_IRQHandler
                0x000000000800102c                PVD_IRQHandler
                0x000000000800102c                SDIO_IRQHandler
                0x000000000800102c                EXTI3_IRQHandler
                0x000000000800102c                EXTI0_IRQHandler
                0x000000000800102c                I2C2_EV_IRQHandler
                0x000000000800102c                ADC1_2_IRQHandler
                0x000000000800102c                SPI1_IRQHandler
                0x000000000800102c                TAMPER_IRQHandler
                0x000000000800102c                TIM8_UP_IRQHandler
                0x000000000800102c                DMA2_Channel2_IRQHandler
                0x000000000800102c                DMA1_Channel4_IRQHandler
                0x000000000800102c                USART3_IRQHandler
                0x000000000800102c                RTC_IRQHandler
                0x000000000800102c                DMA1_Channel7_IRQHandler
                0x000000000800102c                CAN1_RX1_IRQHandler
                0x000000000800102c                UART5_IRQHandler
                0x000000000800102c                ADC3_IRQHandler
                0x000000000800102c                TIM4_IRQHandler
                0x000000000800102c                DMA2_Channel1_IRQHandler
                0x000000000800102c                I2C1_EV_IRQHandler
                0x000000000800102c                DMA1_Channel6_IRQHandler
                0x000000000800102c                UART4_IRQHandler
                0x000000000800102c                TIM3_IRQHandler
                0x000000000800102c                RCC_IRQHandler
                0x000000000800102c                TIM1_TRG_COM_IRQHandler
                0x000000000800102c                DMA1_Channel1_IRQHandler
                0x000000000800102c                Default_Handler
                0x000000000800102c                EXTI15_10_IRQHandler
                0x000000000800102c                TIM7_IRQHandler
                0x000000000800102c                TIM5_IRQHandler
                0x000000000800102c                EXTI9_5_IRQHandler
                0x000000000800102c                SPI2_IRQHandler
                0x000000000800102c                DMA1_Channel5_IRQHandler
                0x000000000800102c                EXTI4_IRQHandler
                0x000000000800102c                USB_LP_CAN1_RX0_IRQHandler
                0x000000000800102c                USB_HP_CAN1_TX_IRQHandler
                0x000000000800102c                DMA1_Channel3_IRQHandler
                0x000000000800102c                FSMC_IRQHandler
                0x000000000800102c                TIM1_UP_IRQHandler
                0x000000000800102c                WWDG_IRQHandler
                0x000000000800102c                TIM2_IRQHandler
                0x000000000800102c                TIM1_BRK_IRQHandler
                0x000000000800102c                EXTI1_IRQHandler
                0x000000000800102c                DMA2_Channel4_5_IRQHandler
                0x000000000800102c                USART2_IRQHandler
                0x000000000800102c                I2C2_ER_IRQHandler
                0x000000000800102c                DMA1_Channel2_IRQHandler
                0x000000000800102c                TIM8_BRK_IRQHandler
                0x000000000800102c                CAN1_SCE_IRQHandler
                0x000000000800102c                FLASH_IRQHandler
                0x000000000800102c                USART1_IRQHandler
                0x000000000800102c                SPI3_IRQHandler
                0x000000000800102c                I2C1_ER_IRQHandler
                0x000000000800102c                USBWakeUp_IRQHandler
                0x000000000800102c                DMA2_Channel3_IRQHandler
 *fill*         0x000000000800102e        0x2 
 .text.__libc_init_array
                0x0000000008001030       0x48 /usr/local/gcc-arm-none-eabi-7-2018-q2-update/bin/../lib/gcc/arm-none-eabi/7.3.1/../../../../arm-none-eabi/lib/thumb/v7-m/libc_nano.a(lib_a-init.o)
                0x0000000008001030                __libc_init_array
 *(.glue_7)
 .glue_7        0x0000000008001078        0x0 linker stubs
 *(.glue_7t)
 .glue_7t       0x0000000008001078        0x0 linker stubs
 *(.eh_frame)
 .eh_frame      0x0000000008001078        0x0 /usr/local/gcc-arm-none-eabi-7-2018-q2-update/bin/../lib/gcc/arm-none-eabi/7.3.1/thumb/v7-m/crtbegin.o
 *(.init)
 .init          0x0000000008001078        0x4 /usr/local/gcc-arm-none-eabi-7-2018-q2-update/bin/../lib/gcc/arm-none-eabi/7.3.1/thumb/v7-m/crti.o
                0x0000000008001078                _init
 .init          0x000000000800107c        0x8 /usr/local/gcc-arm-none-eabi-7-2018-q2-update/bin/../lib/gcc/arm-none-eabi/7.3.1/thumb/v7-m/crtn.o
 *(.fini)
 .fini          0x0000000008001084        0x4 /usr/local/gcc-arm-none-eabi-7-2018-q2-update/bin/../lib/gcc/arm-none-eabi/7.3.1/thumb/v7-m/crti.o
                0x0000000008001084                _fini
 .fini          0x0000000008001088        0x8 /usr/local/gcc-arm-none-eabi-7-2018-q2-update/bin/../lib/gcc/arm-none-eabi/7.3.1/thumb/v7-m/crtn.o
                0x0000000008001090                . = ALIGN (0x4)
                0x0000000008001090                _etext = .

.vfp11_veneer   0x0000000008001090        0x0
 .vfp11_veneer  0x0000000008001090        0x0 linker stubs

.v4_bx          0x0000000008001090        0x0
 .v4_bx         0x0000000008001090        0x0 linker stubs

.iplt           0x0000000008001090        0x0
 .iplt          0x0000000008001090        0x0 /usr/local/gcc-arm-none-eabi-7-2018-q2-update/bin/../lib/gcc/arm-none-eabi/7.3.1/thumb/v7-m/crtbegin.o

.rodata         0x0000000008001090       0x38
                0x0000000008001090                . = ALIGN (0x4)
 *(.rodata)
 .rodata        0x0000000008001090       0x12 build/stm32f1xx_hal_rcc.o
 *(.rodata*)
 *fill*         0x00000000080010a2        0x2 
 .rodata.SystemClock_Config.str1.4
                0x00000000080010a4        0xc build/main.o
                                          0xb (size before relaxing)
 .rodata.AHBPrescTable
                0x00000000080010b0       0x10 build/system_stm32f1xx.o
                0x00000000080010b0                AHBPrescTable
 .rodata.APBPrescTable
                0x00000000080010c0        0x8 build/system_stm32f1xx.o
                0x00000000080010c0                APBPrescTable
                0x00000000080010c8                . = ALIGN (0x4)

.rel.dyn        0x00000000080010c8        0x0
 .rel.iplt      0x00000000080010c8        0x0 /usr/local/gcc-arm-none-eabi-7-2018-q2-update/bin/../lib/gcc/arm-none-eabi/7.3.1/thumb/v7-m/crtbegin.o

.ARM.extab
 *(.ARM.extab* .gnu.linkonce.armextab.*)

.ARM            0x00000000080010c8        0x0
                0x00000000080010c8                __exidx_start = .
 *(.ARM.exidx*)
                0x00000000080010c8                __exidx_end = .

.preinit_array  0x00000000080010c8        0x0
                0x00000000080010c8                PROVIDE (__preinit_array_start = .)
 *(.preinit_array*)
                0x00000000080010c8                PROVIDE (__preinit_array_end = .)

.init_array     0x00000000080010c8        0x4
                0x00000000080010c8                PROVIDE (__init_array_start = .)
 *(SORT_BY_NAME(.init_array.*))
 *(.init_array*)
 .init_array    0x00000000080010c8        0x4 /usr/local/gcc-arm-none-eabi-7-2018-q2-update/bin/../lib/gcc/arm-none-eabi/7.3.1/thumb/v7-m/crtbegin.o
                0x00000000080010cc                PROVIDE (__init_array_end = .)

.fini_array     0x00000000080010cc        0x4
                [!provide]                        PROVIDE (__fini_array_start = .)
 *(SORT_BY_NAME(.fini_array.*))
 *(.fini_array*)
 .fini_array    0x00000000080010cc        0x4 /usr/local/gcc-arm-none-eabi-7-2018-q2-update/bin/../lib/gcc/arm-none-eabi/7.3.1/thumb/v7-m/crtbegin.o
                [!provide]                        PROVIDE (__fini_array_end = .)
                0x00000000080010d0                _sidata = LOADADDR (.data)

.data           0x0000000020000000        0x4 load address 0x00000000080010d0
                0x0000000020000000                . = ALIGN (0x4)
                0x0000000020000000                _sdata = .
 *(.data)
 *(.data*)
 .data.SystemCoreClock
                0x0000000020000000        0x4 build/system_stm32f1xx.o
                0x0000000020000000                SystemCoreClock
                0x0000000020000004                . = ALIGN (0x4)
                0x0000000020000004                _edata = .

.igot.plt       0x0000000020000004        0x0 load address 0x00000000080010d4
 .igot.plt      0x0000000020000004        0x0 /usr/local/gcc-arm-none-eabi-7-2018-q2-update/bin/../lib/gcc/arm-none-eabi/7.3.1/thumb/v7-m/crtbegin.o
                0x0000000020000004                . = ALIGN (0x4)

.bss            0x0000000020000004       0x24 load address 0x00000000080010d4
                0x0000000020000004                _sbss = .
                0x0000000020000004                __bss_start__ = _sbss
 *(.bss)
 .bss           0x0000000020000004       0x1c /usr/local/gcc-arm-none-eabi-7-2018-q2-update/bin/../lib/gcc/arm-none-eabi/7.3.1/thumb/v7-m/crtbegin.o
 *(.bss*)
 *(COMMON)
 COMMON         0x0000000020000020        0x4 build/main.o
                0x0000000020000020                watch_main
 COMMON         0x0000000020000024        0x4 build/stm32f1xx_hal.o
                0x0000000020000024                uwTick
                0x0000000020000028                . = ALIGN (0x4)
                0x0000000020000028                _ebss = .
                0x0000000020000028                __bss_end__ = _ebss

._user_heap_stack
                0x0000000020000028      0x600 load address 0x00000000080010d4
                0x0000000020000028                . = ALIGN (0x8)
                [!provide]                        PROVIDE (end = .)
                [!provide]                        PROVIDE (_end = .)
                0x0000000020000228                . = (. + _Min_Heap_Size)
 *fill*         0x0000000020000028      0x200 
                0x0000000020000628                . = (. + _Min_Stack_Size)
 *fill*         0x0000000020000228      0x400 
                0x0000000020000628                . = ALIGN (0x8)

/DISCARD/
 libc.a(*)
 libm.a(*)
 libgcc.a(*)

.ARM.attributes
                0x0000000000000000       0x29
 *(.ARM.attributes)
 .ARM.attributes
                0x0000000000000000       0x1d /usr/local/gcc-arm-none-eabi-7-2018-q2-update/bin/../lib/gcc/arm-none-eabi/7.3.1/thumb/v7-m/crti.o
 .ARM.attributes
                0x000000000000001d       0x2d /usr/local/gcc-arm-none-eabi-7-2018-q2-update/bin/../lib/gcc/arm-none-eabi/7.3.1/thumb/v7-m/crtbegin.o
 .ARM.attributes
                0x000000000000004a       0x33 build/main.o
 .ARM.attributes
                0x000000000000007d       0x33 build/stm32f1xx_it.o
 .ARM.attributes
                0x00000000000000b0       0x33 build/stm32f1xx_hal_msp.o
 .ARM.attributes
                0x00000000000000e3       0x33 build/stm32f1xx_hal.o
 .ARM.attributes
                0x0000000000000116       0x33 build/stm32f1xx_hal_rcc.o
 .ARM.attributes
                0x0000000000000149       0x33 build/stm32f1xx_hal_gpio.o
 .ARM.attributes
                0x000000000000017c       0x33 build/stm32f1xx_hal_cortex.o
 .ARM.attributes
                0x00000000000001af       0x33 build/stm32f1xx_hal_usart.o
 .ARM.attributes
                0x00000000000001e2       0x33 build/system_stm32f1xx.o
 .ARM.attributes
                0x0000000000000215       0x33 build/bsp_led.o
 .ARM.attributes
                0x0000000000000248       0x33 build/bsp_uart_receive.o
 .ARM.attributes
                0x000000000000027b       0x21 build/startup_stm32f103xe.o
 .ARM.attributes
                0x000000000000029c       0x2d /usr/local/gcc-arm-none-eabi-7-2018-q2-update/bin/../lib/gcc/arm-none-eabi/7.3.1/../../../../arm-none-eabi/lib/thumb/v7-m/libc_nano.a(lib_a-init.o)
 .ARM.attributes
                0x00000000000002c9       0x1d /usr/local/gcc-arm-none-eabi-7-2018-q2-update/bin/../lib/gcc/arm-none-eabi/7.3.1/thumb/v7-m/crtn.o
OUTPUT(build/stm32f103ve.elf elf32-littlearm)

.debug_info     0x0000000000000000     0xbebb
 .debug_info    0x0000000000000000     0x111a build/main.o
 .debug_info    0x000000000000111a      0xb15 build/stm32f1xx_it.o
 .debug_info    0x0000000000001c2f      0xdd0 build/stm32f1xx_hal_msp.o
 .debug_info    0x00000000000029ff     0x10bc build/stm32f1xx_hal.o
 .debug_info    0x0000000000003abb     0x130f build/stm32f1xx_hal_rcc.o
 .debug_info    0x0000000000004dca      0xfd3 build/stm32f1xx_hal_gpio.o
 .debug_info    0x0000000000005d9d     0x1661 build/stm32f1xx_hal_cortex.o
 .debug_info    0x00000000000073fe     0x1fab build/stm32f1xx_hal_usart.o
 .debug_info    0x00000000000093a9      0xd44 build/system_stm32f1xx.o
 .debug_info    0x000000000000a0ed      0xc1d build/bsp_led.o
 .debug_info    0x000000000000ad0a     0x118f build/bsp_uart_receive.o
 .debug_info    0x000000000000be99       0x22 build/startup_stm32f103xe.o

.debug_abbrev   0x0000000000000000     0x1c6f
 .debug_abbrev  0x0000000000000000      0x29f build/main.o
 .debug_abbrev  0x000000000000029f      0x1c9 build/stm32f1xx_it.o
 .debug_abbrev  0x0000000000000468      0x216 build/stm32f1xx_hal_msp.o
 .debug_abbrev  0x000000000000067e      0x2e3 build/stm32f1xx_hal.o
 .debug_abbrev  0x0000000000000961      0x31f build/stm32f1xx_hal_rcc.o
 .debug_abbrev  0x0000000000000c80      0x2be build/stm32f1xx_hal_gpio.o
 .debug_abbrev  0x0000000000000f3e      0x3d3 build/stm32f1xx_hal_cortex.o
 .debug_abbrev  0x0000000000001311      0x33e build/stm32f1xx_hal_usart.o
 .debug_abbrev  0x000000000000164f      0x209 build/system_stm32f1xx.o
 .debug_abbrev  0x0000000000001858      0x1e6 build/bsp_led.o
 .debug_abbrev  0x0000000000001a3e      0x21f build/bsp_uart_receive.o
 .debug_abbrev  0x0000000000001c5d       0x12 build/startup_stm32f103xe.o

.debug_loc      0x0000000000000000     0x2ed7
 .debug_loc     0x0000000000000000       0x92 build/main.o
 .debug_loc     0x0000000000000092       0x20 build/stm32f1xx_it.o
 .debug_loc     0x00000000000000b2       0x38 build/stm32f1xx_hal_msp.o
 .debug_loc     0x00000000000000ea      0x101 build/stm32f1xx_hal.o
 .debug_loc     0x00000000000001eb      0x5f8 build/stm32f1xx_hal_rcc.o
 .debug_loc     0x00000000000007e3      0x50b build/stm32f1xx_hal_gpio.o
 .debug_loc     0x0000000000000cee      0x63d build/stm32f1xx_hal_cortex.o
 .debug_loc     0x000000000000132b     0x1a5c build/stm32f1xx_hal_usart.o
 .debug_loc     0x0000000000002d87       0xdf build/system_stm32f1xx.o
 .debug_loc     0x0000000000002e66       0x38 build/bsp_led.o
 .debug_loc     0x0000000000002e9e       0x39 build/bsp_uart_receive.o

.debug_aranges  0x0000000000000000      0x4f0
 .debug_aranges
                0x0000000000000000       0x38 build/main.o
 .debug_aranges
                0x0000000000000038       0x60 build/stm32f1xx_it.o
 .debug_aranges
                0x0000000000000098       0x20 build/stm32f1xx_hal_msp.o
 .debug_aranges
                0x00000000000000b8       0xb8 build/stm32f1xx_hal.o
 .debug_aranges
                0x0000000000000170       0x90 build/stm32f1xx_hal_rcc.o
 .debug_aranges
                0x0000000000000200       0x58 build/stm32f1xx_hal_gpio.o
 .debug_aranges
                0x0000000000000258       0x90 build/stm32f1xx_hal_cortex.o
 .debug_aranges
                0x00000000000002e8      0x178 build/stm32f1xx_hal_usart.o
 .debug_aranges
                0x0000000000000460       0x28 build/system_stm32f1xx.o
 .debug_aranges
                0x0000000000000488       0x20 build/bsp_led.o
 .debug_aranges
                0x00000000000004a8       0x20 build/bsp_uart_receive.o
 .debug_aranges
                0x00000000000004c8       0x28 build/startup_stm32f103xe.o

.debug_ranges   0x0000000000000000      0x4b8
 .debug_ranges  0x0000000000000000       0x28 build/main.o
 .debug_ranges  0x0000000000000028       0x50 build/stm32f1xx_it.o
 .debug_ranges  0x0000000000000078       0x10 build/stm32f1xx_hal_msp.o
 .debug_ranges  0x0000000000000088       0xa8 build/stm32f1xx_hal.o
 .debug_ranges  0x0000000000000130       0xa0 build/stm32f1xx_hal_rcc.o
 .debug_ranges  0x00000000000001d0       0x48 build/stm32f1xx_hal_gpio.o
 .debug_ranges  0x0000000000000218       0xe0 build/stm32f1xx_hal_cortex.o
 .debug_ranges  0x00000000000002f8      0x168 build/stm32f1xx_hal_usart.o
 .debug_ranges  0x0000000000000460       0x18 build/system_stm32f1xx.o
 .debug_ranges  0x0000000000000478       0x10 build/bsp_led.o
 .debug_ranges  0x0000000000000488       0x10 build/bsp_uart_receive.o
 .debug_ranges  0x0000000000000498       0x20 build/startup_stm32f103xe.o

.debug_line     0x0000000000000000     0x2bb5
 .debug_line    0x0000000000000000      0x311 build/main.o
 .debug_line    0x0000000000000311      0x2af build/stm32f1xx_it.o
 .debug_line    0x00000000000005c0      0x238 build/stm32f1xx_hal_msp.o
 .debug_line    0x00000000000007f8      0x3c5 build/stm32f1xx_hal.o
 .debug_line    0x0000000000000bbd      0x562 build/stm32f1xx_hal_rcc.o
 .debug_line    0x000000000000111f      0x424 build/stm32f1xx_hal_gpio.o
 .debug_line    0x0000000000001543      0x3db build/stm32f1xx_hal_cortex.o
 .debug_line    0x000000000000191e      0xb2e build/stm32f1xx_hal_usart.o
 .debug_line    0x000000000000244c      0x240 build/system_stm32f1xx.o
 .debug_line    0x000000000000268c      0x22e build/bsp_led.o
 .debug_line    0x00000000000028ba      0x289 build/bsp_uart_receive.o
 .debug_line    0x0000000000002b43       0x72 build/startup_stm32f103xe.o

.debug_str      0x0000000000000000     0x1d18
 .debug_str     0x0000000000000000      0xb9d build/main.o
                                        0xc21 (size before relaxing)
 .debug_str     0x0000000000000b9d       0xc6 build/stm32f1xx_it.o
                                        0x670 (size before relaxing)
 .debug_str     0x0000000000000c63       0x41 build/stm32f1xx_hal_msp.o
                                        0x9ff (size before relaxing)
 .debug_str     0x0000000000000ca4      0x1fe build/stm32f1xx_hal.o
                                        0xc41 (size before relaxing)
 .debug_str     0x0000000000000ea2      0x202 build/stm32f1xx_hal_rcc.o
                                        0xa05 (size before relaxing)
 .debug_str     0x00000000000010a4      0x18a build/stm32f1xx_hal_gpio.o
                                        0x82e (size before relaxing)
 .debug_str     0x000000000000122e      0x29b build/stm32f1xx_hal_cortex.o
                                        0xda5 (size before relaxing)
 .debug_str     0x00000000000014c9      0x780 build/stm32f1xx_hal_usart.o
                                        0xe5c (size before relaxing)
 .debug_str     0x0000000000001c49       0x4a build/system_stm32f1xx.o
                                        0x697 (size before relaxing)
 .debug_str     0x0000000000001c93       0x2a build/bsp_led.o
                                        0x67f (size before relaxing)
 .debug_str     0x0000000000001cbd       0x37 build/bsp_uart_receive.o
                                        0xa7d (size before relaxing)
 .debug_str     0x0000000000001cf4       0x24 build/startup_stm32f103xe.o
                                         0x56 (size before relaxing)

.comment        0x0000000000000000       0x7f
 .comment       0x0000000000000000       0x7f build/main.o
                                         0x80 (size before relaxing)
 .comment       0x000000000000007f       0x80 build/stm32f1xx_it.o
 .comment       0x000000000000007f       0x80 build/stm32f1xx_hal_msp.o
 .comment       0x000000000000007f       0x80 build/stm32f1xx_hal.o
 .comment       0x000000000000007f       0x80 build/stm32f1xx_hal_rcc.o
 .comment       0x000000000000007f       0x80 build/stm32f1xx_hal_gpio.o
 .comment       0x000000000000007f       0x80 build/stm32f1xx_hal_cortex.o
 .comment       0x000000000000007f       0x80 build/stm32f1xx_hal_usart.o
 .comment       0x000000000000007f       0x80 build/system_stm32f1xx.o
 .comment       0x000000000000007f       0x80 build/bsp_led.o
 .comment       0x000000000000007f       0x80 build/bsp_uart_receive.o

.debug_frame    0x0000000000000000      0xbdc
 .debug_frame   0x0000000000000000       0x74 build/main.o
 .debug_frame   0x0000000000000074       0xac build/stm32f1xx_it.o
 .debug_frame   0x0000000000000120       0x30 build/stm32f1xx_hal_msp.o
 .debug_frame   0x0000000000000150      0x188 build/stm32f1xx_hal.o
 .debug_frame   0x00000000000002d8      0x184 build/stm32f1xx_hal_rcc.o
 .debug_frame   0x000000000000045c       0xe8 build/stm32f1xx_hal_gpio.o
 .debug_frame   0x0000000000000544      0x13c build/stm32f1xx_hal_cortex.o
 .debug_frame   0x0000000000000680      0x498 build/stm32f1xx_hal_usart.o
 .debug_frame   0x0000000000000b18       0x30 build/system_stm32f1xx.o
 .debug_frame   0x0000000000000b48       0x34 build/bsp_led.o
 .debug_frame   0x0000000000000b7c       0x34 build/bsp_uart_receive.o
 .debug_frame   0x0000000000000bb0       0x2c /usr/local/gcc-arm-none-eabi-7-2018-q2-update/bin/../lib/gcc/arm-none-eabi/7.3.1/../../../../arm-none-eabi/lib/thumb/v7-m/libc_nano.a(lib_a-init.o)

Cross Reference Table

Symbol                                            File
ADC1_2_IRQHandler                                 build/startup_stm32f103xe.o
ADC3_IRQHandler                                   build/startup_stm32f103xe.o
AHBPrescTable                                     build/system_stm32f1xx.o
                                                  build/stm32f1xx_hal_rcc.o
APBPrescTable                                     build/system_stm32f1xx.o
                                                  build/stm32f1xx_hal_rcc.o
BusFault_Handler                                  build/stm32f1xx_it.o
CAN1_RX1_IRQHandler                               build/startup_stm32f103xe.o
CAN1_SCE_IRQHandler                               build/startup_stm32f103xe.o
DMA1_Channel1_IRQHandler                          build/startup_stm32f103xe.o
DMA1_Channel2_IRQHandler                          build/startup_stm32f103xe.o
DMA1_Channel3_IRQHandler                          build/startup_stm32f103xe.o
DMA1_Channel4_IRQHandler                          build/startup_stm32f103xe.o
DMA1_Channel5_IRQHandler                          build/startup_stm32f103xe.o
DMA1_Channel6_IRQHandler                          build/startup_stm32f103xe.o
DMA1_Channel7_IRQHandler                          build/startup_stm32f103xe.o
DMA2_Channel1_IRQHandler                          build/startup_stm32f103xe.o
DMA2_Channel2_IRQHandler                          build/startup_stm32f103xe.o
DMA2_Channel3_IRQHandler                          build/startup_stm32f103xe.o
DMA2_Channel4_5_IRQHandler                        build/startup_stm32f103xe.o
DebugMon_Handler                                  build/stm32f1xx_it.o
Default_Handler                                   build/startup_stm32f103xe.o
EXTI0_IRQHandler                                  build/startup_stm32f103xe.o
EXTI15_10_IRQHandler                              build/startup_stm32f103xe.o
EXTI1_IRQHandler                                  build/startup_stm32f103xe.o
EXTI2_IRQHandler                                  build/startup_stm32f103xe.o
EXTI3_IRQHandler                                  build/startup_stm32f103xe.o
EXTI4_IRQHandler                                  build/startup_stm32f103xe.o
EXTI9_5_IRQHandler                                build/startup_stm32f103xe.o
FLASH_IRQHandler                                  build/startup_stm32f103xe.o
FLASH_PageErase                                   build/stm32f1xx_hal_flash_ex.o
                                                  build/stm32f1xx_hal_flash.o
FLASH_WaitForLastOperation                        build/stm32f1xx_hal_flash.o
                                                  build/stm32f1xx_hal_flash_ex.o
FSMC_IRQHandler                                   build/startup_stm32f103xe.o
HAL_DBGMCU_DisableDBGSleepMode                    build/stm32f1xx_hal.o
HAL_DBGMCU_DisableDBGStandbyMode                  build/stm32f1xx_hal.o
HAL_DBGMCU_DisableDBGStopMode                     build/stm32f1xx_hal.o
HAL_DBGMCU_EnableDBGSleepMode                     build/stm32f1xx_hal.o
HAL_DBGMCU_EnableDBGStandbyMode                   build/stm32f1xx_hal.o
HAL_DBGMCU_EnableDBGStopMode                      build/stm32f1xx_hal.o
HAL_DMA_Abort                                     build/stm32f1xx_hal_dma.o
                                                  build/stm32f1xx_hal_usart.o
HAL_DMA_Abort_IT                                  build/stm32f1xx_hal_dma.o
                                                  build/stm32f1xx_hal_usart.o
HAL_DMA_DeInit                                    build/stm32f1xx_hal_dma.o
HAL_DMA_GetError                                  build/stm32f1xx_hal_dma.o
HAL_DMA_GetState                                  build/stm32f1xx_hal_dma.o
HAL_DMA_IRQHandler                                build/stm32f1xx_hal_dma.o
HAL_DMA_Init                                      build/stm32f1xx_hal_dma.o
HAL_DMA_PollForTransfer                           build/stm32f1xx_hal_dma.o
HAL_DMA_RegisterCallback                          build/stm32f1xx_hal_dma.o
HAL_DMA_Start                                     build/stm32f1xx_hal_dma.o
HAL_DMA_Start_IT                                  build/stm32f1xx_hal_dma.o
                                                  build/stm32f1xx_hal_usart.o
HAL_DMA_UnRegisterCallback                        build/stm32f1xx_hal_dma.o
HAL_DeInit                                        build/stm32f1xx_hal.o
HAL_Delay                                         build/stm32f1xx_hal.o
                                                  build/main.o
HAL_FLASHEx_Erase                                 build/stm32f1xx_hal_flash_ex.o
HAL_FLASHEx_Erase_IT                              build/stm32f1xx_hal_flash_ex.o
HAL_FLASHEx_OBErase                               build/stm32f1xx_hal_flash_ex.o
HAL_FLASHEx_OBGetConfig                           build/stm32f1xx_hal_flash_ex.o
HAL_FLASHEx_OBGetUserData                         build/stm32f1xx_hal_flash_ex.o
HAL_FLASHEx_OBProgram                             build/stm32f1xx_hal_flash_ex.o
HAL_FLASH_EndOfOperationCallback                  build/stm32f1xx_hal_flash.o
HAL_FLASH_GetError                                build/stm32f1xx_hal_flash.o
HAL_FLASH_IRQHandler                              build/stm32f1xx_hal_flash.o
HAL_FLASH_Lock                                    build/stm32f1xx_hal_flash.o
HAL_FLASH_OB_Launch                               build/stm32f1xx_hal_flash.o
HAL_FLASH_OB_Lock                                 build/stm32f1xx_hal_flash.o
HAL_FLASH_OB_Unlock                               build/stm32f1xx_hal_flash.o
HAL_FLASH_OperationErrorCallback                  build/stm32f1xx_hal_flash.o
HAL_FLASH_Program                                 build/stm32f1xx_hal_flash.o
HAL_FLASH_Program_IT                              build/stm32f1xx_hal_flash.o
HAL_FLASH_Unlock                                  build/stm32f1xx_hal_flash.o
HAL_GPIOEx_ConfigEventout                         build/stm32f1xx_hal_gpio_ex.o
HAL_GPIOEx_DisableEventout                        build/stm32f1xx_hal_gpio_ex.o
HAL_GPIOEx_EnableEventout                         build/stm32f1xx_hal_gpio_ex.o
HAL_GPIO_DeInit                                   build/stm32f1xx_hal_gpio.o
HAL_GPIO_EXTI_Callback                            build/stm32f1xx_hal_gpio.o
HAL_GPIO_EXTI_IRQHandler                          build/stm32f1xx_hal_gpio.o
HAL_GPIO_Init                                     build/stm32f1xx_hal_gpio.o
                                                  build/bsp_uart_receive.o
                                                  build/bsp_iic.o
                                                  build/bsp_led.o
                                                  build/stm32f1xx_hal_rcc.o
HAL_GPIO_LockPin                                  build/stm32f1xx_hal_gpio.o
HAL_GPIO_ReadPin                                  build/stm32f1xx_hal_gpio.o
HAL_GPIO_TogglePin                                build/stm32f1xx_hal_gpio.o
HAL_GPIO_WritePin                                 build/stm32f1xx_hal_gpio.o
HAL_GetDEVID                                      build/stm32f1xx_hal.o
HAL_GetHalVersion                                 build/stm32f1xx_hal.o
HAL_GetREVID                                      build/stm32f1xx_hal.o
HAL_GetTick                                       build/stm32f1xx_hal.o
                                                  build/stm32f1xx_hal_usart.o
                                                  build/stm32f1xx_hal_flash.o
                                                  build/stm32f1xx_hal_dma.o
                                                  build/stm32f1xx_hal_rcc_ex.o
                                                  build/stm32f1xx_hal_rcc.o
HAL_GetUID                                        build/stm32f1xx_hal.o
HAL_IncTick                                       build/stm32f1xx_hal.o
                                                  build/stm32f1xx_it.o
HAL_Init                                          build/stm32f1xx_hal.o
                                                  build/main.o
HAL_InitTick                                      build/stm32f1xx_hal.o
                                                  build/stm32f1xx_hal_rcc.o
HAL_MspDeInit                                     build/stm32f1xx_hal.o
HAL_MspInit                                       build/stm32f1xx_hal_msp.o
HAL_NVIC_ClearPendingIRQ                          build/stm32f1xx_hal_cortex.o
HAL_NVIC_DisableIRQ                               build/stm32f1xx_hal_cortex.o
HAL_NVIC_EnableIRQ                                build/stm32f1xx_hal_cortex.o
HAL_NVIC_GetActive                                build/stm32f1xx_hal_cortex.o
HAL_NVIC_GetPendingIRQ                            build/stm32f1xx_hal_cortex.o
HAL_NVIC_GetPriority                              build/stm32f1xx_hal_cortex.o
HAL_NVIC_GetPriorityGrouping                      build/stm32f1xx_hal_cortex.o
HAL_NVIC_SetPendingIRQ                            build/stm32f1xx_hal_cortex.o
HAL_NVIC_SetPriority                              build/stm32f1xx_hal_cortex.o
                                                  build/stm32f1xx_hal.o
                                                  build/stm32f1xx_hal_msp.o
                                                  build/main.o
HAL_NVIC_SetPriorityGrouping                      build/stm32f1xx_hal_cortex.o
                                                  build/stm32f1xx_hal.o
                                                  build/stm32f1xx_hal_msp.o
HAL_NVIC_SystemReset                              build/stm32f1xx_hal_cortex.o
                                                  build/stm32f1xx_hal_flash.o
HAL_PWR_ConfigPVD                                 build/stm32f1xx_hal_pwr.o
HAL_PWR_DeInit                                    build/stm32f1xx_hal_pwr.o
HAL_PWR_DisableBkUpAccess                         build/stm32f1xx_hal_pwr.o
HAL_PWR_DisablePVD                                build/stm32f1xx_hal_pwr.o
HAL_PWR_DisableSEVOnPend                          build/stm32f1xx_hal_pwr.o
HAL_PWR_DisableSleepOnExit                        build/stm32f1xx_hal_pwr.o
HAL_PWR_DisableWakeUpPin                          build/stm32f1xx_hal_pwr.o
HAL_PWR_EnableBkUpAccess                          build/stm32f1xx_hal_pwr.o
HAL_PWR_EnablePVD                                 build/stm32f1xx_hal_pwr.o
HAL_PWR_EnableSEVOnPend                           build/stm32f1xx_hal_pwr.o
HAL_PWR_EnableSleepOnExit                         build/stm32f1xx_hal_pwr.o
HAL_PWR_EnableWakeUpPin                           build/stm32f1xx_hal_pwr.o
HAL_PWR_EnterSLEEPMode                            build/stm32f1xx_hal_pwr.o
HAL_PWR_EnterSTANDBYMode                          build/stm32f1xx_hal_pwr.o
HAL_PWR_EnterSTOPMode                             build/stm32f1xx_hal_pwr.o
HAL_PWR_PVDCallback                               build/stm32f1xx_hal_pwr.o
HAL_PWR_PVD_IRQHandler                            build/stm32f1xx_hal_pwr.o
HAL_RCCEx_GetPeriphCLKConfig                      build/stm32f1xx_hal_rcc_ex.o
HAL_RCCEx_GetPeriphCLKFreq                        build/stm32f1xx_hal_rcc_ex.o
HAL_RCCEx_PeriphCLKConfig                         build/stm32f1xx_hal_rcc_ex.o
HAL_RCC_CSSCallback                               build/stm32f1xx_hal_rcc.o
HAL_RCC_ClockConfig                               build/stm32f1xx_hal_rcc.o
                                                  build/main.o
HAL_RCC_DeInit                                    build/stm32f1xx_hal_rcc.o
HAL_RCC_DisableCSS                                build/stm32f1xx_hal_rcc.o
HAL_RCC_EnableCSS                                 build/stm32f1xx_hal_rcc.o
HAL_RCC_GetClockConfig                            build/stm32f1xx_hal_rcc.o
HAL_RCC_GetHCLKFreq                               build/stm32f1xx_hal_rcc.o
                                                  build/main.o
HAL_RCC_GetOscConfig                              build/stm32f1xx_hal_rcc.o
HAL_RCC_GetPCLK1Freq                              build/stm32f1xx_hal_rcc.o
                                                  build/stm32f1xx_hal_usart.o
HAL_RCC_GetPCLK2Freq                              build/stm32f1xx_hal_rcc.o
                                                  build/stm32f1xx_hal_usart.o
                                                  build/stm32f1xx_hal_rcc_ex.o
HAL_RCC_GetSysClockFreq                           build/stm32f1xx_hal_rcc.o
                                                  build/stm32f1xx_hal_rcc_ex.o
HAL_RCC_MCOConfig                                 build/stm32f1xx_hal_rcc.o
HAL_RCC_NMI_IRQHandler                            build/stm32f1xx_hal_rcc.o
HAL_RCC_OscConfig                                 build/stm32f1xx_hal_rcc.o
                                                  build/main.o
HAL_ResumeTick                                    build/stm32f1xx_hal.o
HAL_SYSTICK_CLKSourceConfig                       build/stm32f1xx_hal_cortex.o
                                                  build/main.o
HAL_SYSTICK_Callback                              build/stm32f1xx_hal_cortex.o
HAL_SYSTICK_Config                                build/stm32f1xx_hal_cortex.o
                                                  build/stm32f1xx_hal.o
                                                  build/main.o
HAL_SYSTICK_IRQHandler                            build/stm32f1xx_hal_cortex.o
                                                  build/stm32f1xx_it.o
HAL_SuspendTick                                   build/stm32f1xx_hal.o
HAL_USART_Abort                                   build/stm32f1xx_hal_usart.o
HAL_USART_AbortCpltCallback                       build/stm32f1xx_hal_usart.o
HAL_USART_Abort_IT                                build/stm32f1xx_hal_usart.o
HAL_USART_DMAPause                                build/stm32f1xx_hal_usart.o
HAL_USART_DMAResume                               build/stm32f1xx_hal_usart.o
HAL_USART_DMAStop                                 build/stm32f1xx_hal_usart.o
HAL_USART_DeInit                                  build/stm32f1xx_hal_usart.o
HAL_USART_ErrorCallback                           build/stm32f1xx_hal_usart.o
HAL_USART_GetError                                build/stm32f1xx_hal_usart.o
HAL_USART_GetState                                build/stm32f1xx_hal_usart.o
HAL_USART_IRQHandler                              build/stm32f1xx_hal_usart.o
HAL_USART_Init                                    build/stm32f1xx_hal_usart.o
                                                  build/bsp_uart_receive.o
HAL_USART_MspDeInit                               build/stm32f1xx_hal_usart.o
HAL_USART_MspInit                                 build/stm32f1xx_hal_usart.o
HAL_USART_Receive                                 build/stm32f1xx_hal_usart.o
HAL_USART_Receive_DMA                             build/stm32f1xx_hal_usart.o
HAL_USART_Receive_IT                              build/stm32f1xx_hal_usart.o
HAL_USART_RxCpltCallback                          build/stm32f1xx_hal_usart.o
HAL_USART_RxHalfCpltCallback                      build/stm32f1xx_hal_usart.o
HAL_USART_Transmit                                build/stm32f1xx_hal_usart.o
HAL_USART_TransmitReceive                         build/stm32f1xx_hal_usart.o
HAL_USART_TransmitReceive_DMA                     build/stm32f1xx_hal_usart.o
HAL_USART_TransmitReceive_IT                      build/stm32f1xx_hal_usart.o
HAL_USART_Transmit_DMA                            build/stm32f1xx_hal_usart.o
HAL_USART_Transmit_IT                             build/stm32f1xx_hal_usart.o
HAL_USART_TxCpltCallback                          build/stm32f1xx_hal_usart.o
HAL_USART_TxHalfCpltCallback                      build/stm32f1xx_hal_usart.o
HAL_USART_TxRxCpltCallback                        build/stm32f1xx_hal_usart.o
HardFault_Handler                                 build/stm32f1xx_it.o
I2C1_ER_IRQHandler                                build/startup_stm32f103xe.o
I2C1_EV_IRQHandler                                build/startup_stm32f103xe.o
I2C2_ER_IRQHandler                                build/startup_stm32f103xe.o
I2C2_EV_IRQHandler                                build/startup_stm32f103xe.o
LED_Config                                        build/bsp_led.o
                                                  build/main.o
MemManage_Handler                                 build/stm32f1xx_it.o
NMI_Handler                                       build/stm32f1xx_it.o
PVD_IRQHandler                                    build/startup_stm32f103xe.o
PendSV_Handler                                    build/stm32f1xx_it.o
RCC_IRQHandler                                    build/startup_stm32f103xe.o
RTC_Alarm_IRQHandler                              build/startup_stm32f103xe.o
RTC_IRQHandler                                    build/startup_stm32f103xe.o
Reset_Handler                                     build/startup_stm32f103xe.o
SDIO_IRQHandler                                   build/startup_stm32f103xe.o
SPI1_IRQHandler                                   build/startup_stm32f103xe.o
SPI2_IRQHandler                                   build/startup_stm32f103xe.o
SPI3_IRQHandler                                   build/startup_stm32f103xe.o
SVC_Handler                                       build/stm32f1xx_it.o
SysTick_Handler                                   build/stm32f1xx_it.o
SystemClock_Config                                build/main.o
SystemCoreClock                                   build/system_stm32f1xx.o
                                                  build/stm32f1xx_hal_rcc.o
                                                  build/stm32f1xx_hal.o
SystemCoreClockUpdate                             build/system_stm32f1xx.o
SystemInit                                        build/system_stm32f1xx.o
                                                  build/startup_stm32f103xe.o
TAMPER_IRQHandler                                 build/startup_stm32f103xe.o
TIM1_BRK_IRQHandler                               build/startup_stm32f103xe.o
TIM1_CC_IRQHandler                                build/startup_stm32f103xe.o
TIM1_TRG_COM_IRQHandler                           build/startup_stm32f103xe.o
TIM1_UP_IRQHandler                                build/startup_stm32f103xe.o
TIM2_IRQHandler                                   build/startup_stm32f103xe.o
TIM3_IRQHandler                                   build/startup_stm32f103xe.o
TIM4_IRQHandler                                   build/startup_stm32f103xe.o
TIM5_IRQHandler                                   build/startup_stm32f103xe.o
TIM6_IRQHandler                                   build/startup_stm32f103xe.o
TIM7_IRQHandler                                   build/startup_stm32f103xe.o
TIM8_BRK_IRQHandler                               build/startup_stm32f103xe.o
TIM8_CC_IRQHandler                                build/startup_stm32f103xe.o
TIM8_TRG_COM_IRQHandler                           build/startup_stm32f103xe.o
TIM8_UP_IRQHandler                                build/startup_stm32f103xe.o
UART4_IRQHandler                                  build/startup_stm32f103xe.o
UART5_IRQHandler                                  build/startup_stm32f103xe.o
UART_Receive_Config                               build/bsp_uart_receive.o
                                                  build/main.o
USART1_IRQHandler                                 build/startup_stm32f103xe.o
USART2_IRQHandler                                 build/startup_stm32f103xe.o
USART3_IRQHandler                                 build/startup_stm32f103xe.o
USBWakeUp_IRQHandler                              build/startup_stm32f103xe.o
USB_HP_CAN1_TX_IRQHandler                         build/startup_stm32f103xe.o
USB_LP_CAN1_RX0_IRQHandler                        build/startup_stm32f103xe.o
USER_I2C_Config                                   build/bsp_iic.o
USER_I2C_Read                                     build/bsp_iic.o
USER_I2C_ReadByte                                 build/bsp_iic.o
USER_I2C_SendByte                                 build/bsp_iic.o
USER_I2C_Start                                    build/bsp_iic.o
USER_I2C_Stop                                     build/bsp_iic.o
USER_I2C_Wait_Ack                                 build/bsp_iic.o
USER_I2C_Write                                    build/bsp_iic.o
UsageFault_Handler                                build/stm32f1xx_it.o
WWDG_IRQHandler                                   build/startup_stm32f103xe.o
_Error_Handler                                    build/main.o
__bss_end__                                       /usr/local/gcc-arm-none-eabi-7-2018-q2-update/bin/../lib/gcc/arm-none-eabi/7.3.1/../../../../arm-none-eabi/lib/thumb/v7-m/crt0.o
__bss_start__                                     /usr/local/gcc-arm-none-eabi-7-2018-q2-update/bin/../lib/gcc/arm-none-eabi/7.3.1/../../../../arm-none-eabi/lib/thumb/v7-m/crt0.o
__call_exitprocs                                  /usr/local/gcc-arm-none-eabi-7-2018-q2-update/bin/../lib/gcc/arm-none-eabi/7.3.1/../../../../arm-none-eabi/lib/thumb/v7-m/libc_nano.a(lib_a-exit.o)
__deregister_frame_info                           /usr/local/gcc-arm-none-eabi-7-2018-q2-update/bin/../lib/gcc/arm-none-eabi/7.3.1/thumb/v7-m/crtbegin.o
__dso_handle                                      /usr/local/gcc-arm-none-eabi-7-2018-q2-update/bin/../lib/gcc/arm-none-eabi/7.3.1/thumb/v7-m/crtbegin.o
__init_array_end                                  /usr/local/gcc-arm-none-eabi-7-2018-q2-update/bin/../lib/gcc/arm-none-eabi/7.3.1/../../../../arm-none-eabi/lib/thumb/v7-m/libc_nano.a(lib_a-init.o)
__init_array_start                                /usr/local/gcc-arm-none-eabi-7-2018-q2-update/bin/../lib/gcc/arm-none-eabi/7.3.1/../../../../arm-none-eabi/lib/thumb/v7-m/libc_nano.a(lib_a-init.o)
__libc_fini_array                                 /usr/local/gcc-arm-none-eabi-7-2018-q2-update/bin/../lib/gcc/arm-none-eabi/7.3.1/../../../../arm-none-eabi/lib/thumb/v7-m/crt0.o
__libc_init_array                                 /usr/local/gcc-arm-none-eabi-7-2018-q2-update/bin/../lib/gcc/arm-none-eabi/7.3.1/../../../../arm-none-eabi/lib/thumb/v7-m/libc_nano.a(lib_a-init.o)
                                                  build/startup_stm32f103xe.o
                                                  /usr/local/gcc-arm-none-eabi-7-2018-q2-update/bin/../lib/gcc/arm-none-eabi/7.3.1/../../../../arm-none-eabi/lib/thumb/v7-m/crt0.o
__preinit_array_end                               /usr/local/gcc-arm-none-eabi-7-2018-q2-update/bin/../lib/gcc/arm-none-eabi/7.3.1/../../../../arm-none-eabi/lib/thumb/v7-m/libc_nano.a(lib_a-init.o)
__preinit_array_start                             /usr/local/gcc-arm-none-eabi-7-2018-q2-update/bin/../lib/gcc/arm-none-eabi/7.3.1/../../../../arm-none-eabi/lib/thumb/v7-m/libc_nano.a(lib_a-init.o)
__register_frame_info                             /usr/local/gcc-arm-none-eabi-7-2018-q2-update/bin/../lib/gcc/arm-none-eabi/7.3.1/thumb/v7-m/crtbegin.o
__sf_fake_stderr                                  /usr/local/gcc-arm-none-eabi-7-2018-q2-update/bin/../lib/gcc/arm-none-eabi/7.3.1/../../../../arm-none-eabi/lib/thumb/v7-m/libc_nano.a(lib_a-impure.o)
__sf_fake_stdin                                   /usr/local/gcc-arm-none-eabi-7-2018-q2-update/bin/../lib/gcc/arm-none-eabi/7.3.1/../../../../arm-none-eabi/lib/thumb/v7-m/libc_nano.a(lib_a-impure.o)
__sf_fake_stdout                                  /usr/local/gcc-arm-none-eabi-7-2018-q2-update/bin/../lib/gcc/arm-none-eabi/7.3.1/../../../../arm-none-eabi/lib/thumb/v7-m/libc_nano.a(lib_a-impure.o)
__stack                                           /usr/local/gcc-arm-none-eabi-7-2018-q2-update/bin/../lib/gcc/arm-none-eabi/7.3.1/../../../../arm-none-eabi/lib/thumb/v7-m/crt0.o
_ebss                                             build/startup_stm32f103xe.o
_edata                                            build/startup_stm32f103xe.o
_estack                                           build/startup_stm32f103xe.o
_exit                                             /usr/local/gcc-arm-none-eabi-7-2018-q2-update/bin/../lib/gcc/arm-none-eabi/7.3.1/../../../../arm-none-eabi/lib/thumb/v7-m/libnosys.a(_exit.o)
                                                  /usr/local/gcc-arm-none-eabi-7-2018-q2-update/bin/../lib/gcc/arm-none-eabi/7.3.1/../../../../arm-none-eabi/lib/thumb/v7-m/libc_nano.a(lib_a-exit.o)
_fini                                             /usr/local/gcc-arm-none-eabi-7-2018-q2-update/bin/../lib/gcc/arm-none-eabi/7.3.1/thumb/v7-m/crti.o
_global_impure_ptr                                /usr/local/gcc-arm-none-eabi-7-2018-q2-update/bin/../lib/gcc/arm-none-eabi/7.3.1/../../../../arm-none-eabi/lib/thumb/v7-m/libc_nano.a(lib_a-impure.o)
                                                  /usr/local/gcc-arm-none-eabi-7-2018-q2-update/bin/../lib/gcc/arm-none-eabi/7.3.1/../../../../arm-none-eabi/lib/thumb/v7-m/libc_nano.a(lib_a-exit.o)
_impure_ptr                                       /usr/local/gcc-arm-none-eabi-7-2018-q2-update/bin/../lib/gcc/arm-none-eabi/7.3.1/../../../../arm-none-eabi/lib/thumb/v7-m/libc_nano.a(lib_a-impure.o)
_init                                             /usr/local/gcc-arm-none-eabi-7-2018-q2-update/bin/../lib/gcc/arm-none-eabi/7.3.1/thumb/v7-m/crti.o
                                                  /usr/local/gcc-arm-none-eabi-7-2018-q2-update/bin/../lib/gcc/arm-none-eabi/7.3.1/../../../../arm-none-eabi/lib/thumb/v7-m/libc_nano.a(lib_a-init.o)
_mainCRTStartup                                   /usr/local/gcc-arm-none-eabi-7-2018-q2-update/bin/../lib/gcc/arm-none-eabi/7.3.1/../../../../arm-none-eabi/lib/thumb/v7-m/crt0.o
_sbss                                             build/startup_stm32f103xe.o
_sdata                                            build/startup_stm32f103xe.o
_sidata                                           build/startup_stm32f103xe.o
_start                                            /usr/local/gcc-arm-none-eabi-7-2018-q2-update/bin/../lib/gcc/arm-none-eabi/7.3.1/../../../../arm-none-eabi/lib/thumb/v7-m/crt0.o
atexit                                            /usr/local/gcc-arm-none-eabi-7-2018-q2-update/bin/../lib/gcc/arm-none-eabi/7.3.1/../../../../arm-none-eabi/lib/thumb/v7-m/crt0.o
delay_us                                          build/bsp_iic.o
exit                                              /usr/local/gcc-arm-none-eabi-7-2018-q2-update/bin/../lib/gcc/arm-none-eabi/7.3.1/../../../../arm-none-eabi/lib/thumb/v7-m/libc_nano.a(lib_a-exit.o)
                                                  /usr/local/gcc-arm-none-eabi-7-2018-q2-update/bin/../lib/gcc/arm-none-eabi/7.3.1/../../../../arm-none-eabi/lib/thumb/v7-m/crt0.o
g_pfnVectors                                      build/startup_stm32f103xe.o
hardware_init_hook                                /usr/local/gcc-arm-none-eabi-7-2018-q2-update/bin/../lib/gcc/arm-none-eabi/7.3.1/../../../../arm-none-eabi/lib/thumb/v7-m/crt0.o
main                                              build/main.o
                                                  build/startup_stm32f103xe.o
                                                  /usr/local/gcc-arm-none-eabi-7-2018-q2-update/bin/../lib/gcc/arm-none-eabi/7.3.1/../../../../arm-none-eabi/lib/thumb/v7-m/crt0.o
memset                                            /usr/local/gcc-arm-none-eabi-7-2018-q2-update/bin/../lib/gcc/arm-none-eabi/7.3.1/../../../../arm-none-eabi/lib/thumb/v7-m/libc_nano.a(lib_a-memset.o)
                                                  /usr/local/gcc-arm-none-eabi-7-2018-q2-update/bin/../lib/gcc/arm-none-eabi/7.3.1/../../../../arm-none-eabi/lib/thumb/v7-m/crt0.o
pFlash                                            build/stm32f1xx_hal_flash.o
                                                  build/stm32f1xx_hal_flash_ex.o
software_init_hook                                /usr/local/gcc-arm-none-eabi-7-2018-q2-update/bin/../lib/gcc/arm-none-eabi/7.3.1/../../../../arm-none-eabi/lib/thumb/v7-m/crt0.o
uwTick                                            build/stm32f1xx_hal.o
watch_main                                        build/main.o
